Component: ARM Compiler 5.06 update 7 (build 960) Tool: armlink [4d3601]

==============================================================================

Section Cross References

    main.o(.text) refers to delay.o(.text) for delay_init
    main.o(.text) refers to misc.o(.text) for NVIC_PriorityGroupConfig
    main.o(.text) refers to usart.o(.text) for uart_init
    main.o(.text) refers to led.o(.text) for LED_Init
    main.o(.text) refers to lcd.o(.text) for LCD_Init
    main.o(.text) refers to sg90.o(.text) for Servo_PWM_Init
    main.o(.text) refers to key.o(.text) for KEY_Init
    main.o(.text) refers to subfunctions.o(.text) for Show_location
    main.o(.text) refers to stm32f10x_gpio.o(.text) for GPIO_ReadInputDataBit
    main.o(.text) refers to faddsub_clz.o(x$fpl$fadd) for __aeabi_fadd
    system_stm32f10x.o(.text) refers to system_stm32f10x.o(.data) for SystemCoreClock
    led.o(.text) refers to stm32f10x_rcc.o(.text) for RCC_APB2PeriphClockCmd
    led.o(.text) refers to stm32f10x_gpio.o(.text) for GPIO_Init
    key.o(.text) refers to stm32f10x_rcc.o(.text) for RCC_APB2PeriphClockCmd
    key.o(.text) refers to stm32f10x_gpio.o(.text) for GPIO_Init
    key.o(.text) refers to delay.o(.text) for delay_ms
    key.o(.text) refers to key.o(.data) for key_up
    lcd.o(.text) refers to _printf_percent.o(.ARM.Collect$$_printf_percent$$00000000) for _printf_percent
    lcd.o(.text) refers to _printf_x.o(.ARM.Collect$$_printf_percent$$0000000C) for _printf_x
    lcd.o(.text) refers to _printf_hex_int.o(.text) for _printf_longlong_hex
    lcd.o(.text) refers to delay.o(.text) for delay_us
    lcd.o(.text) refers to lcd.o(.bss) for lcddev
    lcd.o(.text) refers to dflt_clz.o(x$fpl$dfltu) for __aeabi_ui2d
    lcd.o(.text) refers to dmul.o(x$fpl$dmul) for __aeabi_dmul
    lcd.o(.text) refers to dfixu.o(x$fpl$dfixu) for __aeabi_d2uiz
    lcd.o(.text) refers to lcd.o(.data) for POINT_COLOR
    lcd.o(.text) refers to stm32f10x_rcc.o(.text) for RCC_AHBPeriphClockCmd
    lcd.o(.text) refers to stm32f10x_gpio.o(.text) for GPIO_Init
    lcd.o(.text) refers to stm32f10x_fsmc.o(.text) for FSMC_NORSRAMInit
    lcd.o(.text) refers to noretval__2printf.o(.text) for __2printf
    lcd.o(.text) refers to lcd.o(.constdata) for asc2_1206
    sg90.o(.text) refers to stm32f10x_rcc.o(.text) for RCC_APB1PeriphClockCmd
    sg90.o(.text) refers to stm32f10x_gpio.o(.text) for GPIO_Init
    sg90.o(.text) refers to stm32f10x_tim.o(.text) for TIM_InternalClockConfig
    sg90.o(.text) refers to fdiv.o(x$fpl$fdiv) for __aeabi_fdiv
    sg90.o(.text) refers to fmul.o(x$fpl$fmul) for __aeabi_fmul
    sg90.o(.text) refers to faddsub_clz.o(x$fpl$fadd) for __aeabi_fadd
    sg90.o(.text) refers to ffixu.o(x$fpl$ffixu) for __aeabi_f2uiz
    cjson.o(.text) refers to _printf_percent.o(.ARM.Collect$$_printf_percent$$00000000) for _printf_percent
    cjson.o(.text) refers to _printf_d.o(.ARM.Collect$$_printf_percent$$00000009) for _printf_d
    cjson.o(.text) refers to _printf_dec.o(.text) for _printf_int_dec
    cjson.o(.text) refers to _printf_f.o(.ARM.Collect$$_printf_percent$$00000003) for _printf_f
    cjson.o(.text) refers to printf1.o(x$fpl$printf1) for _printf_fp_dec
    cjson.o(.text) refers to _printf_e.o(.ARM.Collect$$_printf_percent$$00000004) for _printf_e
    cjson.o(.text) refers to _printf_pad.o(.text) for _printf_pre_padding
    cjson.o(.text) refers to _printf_x.o(.ARM.Collect$$_printf_percent$$0000000C) for _printf_x
    cjson.o(.text) refers to _printf_hex_int.o(.text) for _printf_longlong_hex
    cjson.o(.text) refers to tolower.o(.text) for tolower
    cjson.o(.text) refers to strlen.o(.text) for strlen
    cjson.o(.text) refers to rt_memcpy_v6.o(.text) for __aeabi_memcpy
    cjson.o(.text) refers to rt_memclr_w.o(.text) for __aeabi_memclr4
    cjson.o(.text) refers to dflt_clz.o(x$fpl$dflt) for __aeabi_i2d
    cjson.o(.text) refers to dmul.o(x$fpl$dmul) for __aeabi_dmul
    cjson.o(.text) refers to daddsub_clz.o(x$fpl$dadd) for __aeabi_dadd
    cjson.o(.text) refers to daddsub_clz.o(x$fpl$dsub) for __aeabi_dsub
    cjson.o(.text) refers to pow.o(i.pow) for pow
    cjson.o(.text) refers to dfix.o(x$fpl$dfix) for __aeabi_d2iz
    cjson.o(.text) refers to deqf.o(x$fpl$deqf) for __aeabi_cdcmpeq
    cjson.o(.text) refers to dleqf.o(x$fpl$dleqf) for __aeabi_cdcmple
    cjson.o(.text) refers to drleqf.o(x$fpl$drleqf) for __aeabi_cdrcmple
    cjson.o(.text) refers to cjson.o(.data) for ep
    cjson.o(.text) refers to h1_alloc.o(.text) for malloc
    cjson.o(.text) refers to h1_free.o(.text) for free
    cjson.o(.text) refers to noretval__2sprintf.o(.text) for __2sprintf
    cjson.o(.text) refers to floor.o(i.floor) for floor
    cjson.o(.text) refers to cjson.o(.constdata) for firstByteMark
    cjson.o(.text) refers to strcpy.o(.text) for strcpy
    cjson.o(.text) refers to strchr.o(.text) for strchr
    cjson.o(.text) refers to strncmp.o(.text) for strncmp
    cjson.o(.text) refers to rt_memcpy_w.o(.text) for __aeabi_memcpy4
[...]
    __rt_lib_init_lc_monetary_1              0x080001e3   Thumb Code     0  libinit2.o(.ARM.Collect$$libinit$$00000015)
    __rt_lib_init_lc_numeric_2               0x080001e3   Thumb Code     0  libinit2.o(.ARM.Collect$$libinit$$00000016)
    __rt_lib_init_alloca_1                   0x080001ed   Thumb Code     0  libinit2.o(.ARM.Collect$$libinit$$0000002E)
    __rt_lib_init_argv_1                     0x080001ed   Thumb Code     0  libinit2.o(.ARM.Collect$$libinit$$0000002C)
    __rt_lib_init_atexit_1                   0x080001ed   Thumb Code     0  libinit2.o(.ARM.Collect$$libinit$$0000001B)
    __rt_lib_init_clock_1                    0x080001ed   Thumb Code     0  libinit2.o(.ARM.Collect$$libinit$$00000021)
    __rt_lib_init_cpp_1                      0x080001ed   Thumb Code     0  libinit2.o(.ARM.Collect$$libinit$$00000032)
    __rt_lib_init_exceptions_1               0x080001ed   Thumb Code     0  libinit2.o(.ARM.Collect$$libinit$$00000030)
    __rt_lib_init_fp_trap_1                  0x080001ed   Thumb Code     0  libinit2.o(.ARM.Collect$$libinit$$0000001F)
    __rt_lib_init_getenv_1                   0x080001ed   Thumb Code     0  libinit2.o(.ARM.Collect$$libinit$$00000023)
    __rt_lib_init_lc_numeric_1               0x080001ed   Thumb Code     0  libinit2.o(.ARM.Collect$$libinit$$00000017)
    __rt_lib_init_lc_time_1                  0x080001ed   Thumb Code     0  libinit2.o(.ARM.Collect$$libinit$$00000019)
    __rt_lib_init_return                     0x080001ed   Thumb Code     0  libinit2.o(.ARM.Collect$$libinit$$00000033)
    __rt_lib_init_signal_1                   0x080001ed   Thumb Code     0  libinit2.o(.ARM.Collect$$libinit$$0000001D)
    __rt_lib_init_stdio_1                    0x080001ed   Thumb Code     0  libinit2.o(.ARM.Collect$$libinit$$00000025)
    __rt_lib_shutdown                        0x080001ef   Thumb Code     0  libshutdown.o(.ARM.Collect$$libshutdown$$00000000)
    __rt_lib_shutdown_cpp_1                  0x080001f1   Thumb Code     0  libshutdown2.o(.ARM.Collect$$libshutdown$$00000004)
    __rt_lib_shutdown_fini_1                 0x080001f1   Thumb Code     0  libshutdown2.o(.ARM.Collect$$libshutdown$$00000002)
    __rt_lib_shutdown_fp_trap_1              0x080001f1   Thumb Code     0  libshutdown2.o(.ARM.Collect$$libshutdown$$00000009)
    __rt_lib_shutdown_heap_1                 0x080001f1   Thumb Code     0  libshutdown2.o(.ARM.Collect$$libshutdown$$00000011)
    __rt_lib_shutdown_return                 0x080001f1   Thumb Code     0  libshutdown2.o(.ARM.Collect$$libshutdown$$00000012)
    __rt_lib_shutdown_signal_1               0x080001f1   Thumb Code     0  libshutdown2.o(.ARM.Collect$$libshutdown$$0000000C)
    __rt_lib_shutdown_stdio_1                0x080001f1   Thumb Code     0  libshutdown2.o(.ARM.Collect$$libshutdown$$00000006)
    __rt_lib_shutdown_user_alloc_1           0x080001f1   Thumb Code     0  libshutdown2.o(.ARM.Collect$$libshutdown$$0000000E)
    __rt_entry                               0x080001f3   Thumb Code     0  __rtentry.o(.ARM.Collect$$rtentry$$00000000)
    __rt_entry_presh_1                       0x080001f3   Thumb Code     0  __rtentry2.o(.ARM.Collect$$rtentry$$00000002)
    __rt_entry_sh                            0x080001f3   Thumb Code     0  __rtentry4.o(.ARM.Collect$$rtentry$$00000004)
    __rt_entry_li                            0x080001f9   Thumb Code     0  __rtentry2.o(.ARM.Collect$$rtentry$$0000000A)
    __rt_entry_postsh_1                      0x080001f9   Thumb Code     0  __rtentry2.o(.ARM.Collect$$rtentry$$00000009)
    __rt_entry_main                          0x080001fd   Thumb Code     0  __rtentry2.o(.ARM.Collect$$rtentry$$0000000D)
    __rt_entry_postli_1                      0x080001fd   Thumb Code     0  __rtentry2.o(.ARM.Collect$$rtentry$$0000000C)
    __rt_exit                                0x08000205   Thumb Code     0  rtexit.o(.ARM.Collect$$rtexit$$00000000)
    __rt_exit_ls                             0x08000207   Thumb Code     0  rtexit2.o(.ARM.Collect$$rtexit$$00000003)
    __rt_exit_prels_1                        0x08000207   Thumb Code     0  rtexit2.o(.ARM.Collect$$rtexit$$00000002)
    __rt_exit_exit                           0x0800020b   Thumb Code     0  rtexit2.o(.ARM.Collect$$rtexit$$00000004)
    _maybe_terminate_alloc                   0x08000211   Thumb Code     0  maybetermalloc1.o(.emb_text)
    main                                     0x08000211   Thumb Code   128  main.o(.text)
    NMI_Handler                              0x080002a5   Thumb Code     2  stm32f10x_it.o(.text)
    HardFault_Handler                        0x080002a7   Thumb Code     4  stm32f10x_it.o(.text)
    MemManage_Handler                        0x080002ab   Thumb Code     4  stm32f10x_it.o(.text)
    BusFault_Handler                         0x080002af   Thumb Code     4  stm32f10x_it.o(.text)
    UsageFault_Handler                       0x080002b3   Thumb Code     4  stm32f10x_it.o(.text)
    SVC_Handler                              0x080002b7   Thumb Code     2  stm32f10x_it.o(.text)
    DebugMon_Handler                         0x080002b9   Thumb Code     2  stm32f10x_it.o(.text)
    PendSV_Handler                           0x080002bb   Thumb Code     2  stm32f10x_it.o(.text)
    SysTick_Handler                          0x080002bd   Thumb Code     2  stm32f10x_it.o(.text)
    SystemInit                               0x0800039f   Thumb Code    78  system_stm32f10x.o(.text)
    SystemCoreClockUpdate                    0x080003ed   Thumb Code   142  system_stm32f10x.o(.text)
    LED_Init                                 0x080004a1   Thumb Code    68  led.o(.text)
    KEY_Init                                 0x080004f1   Thumb Code    32  key.o(.text)
    KEY_Scan                                 0x08000511   Thumb Code   150  key.o(.text)
    LCD_WR_REG                               0x080005b5   Thumb Code     6  lcd.o(.text)
    LCD_WR_DATA                              0x080005bb   Thumb Code     8  lcd.o(.text)
    LCD_RD_DATA                              0x080005c3   Thumb Code    16  lcd.o(.text)
    LCD_WriteReg                             0x080005d3   Thumb Code    10  lcd.o(.text)
    LCD_ReadReg                              0x080005dd   Thumb Code    22  lcd.o(.text)
    LCD_WriteRAM_Prepare                     0x080005f3   Thumb Code    10  lcd.o(.text)
    LCD_WriteRAM                             0x080005fd   Thumb Code     8  lcd.o(.text)
    LCD_BGR2RGB                              0x08000605   Thumb Code    26  lcd.o(.text)
    opt_delay                                0x0800061f   Thumb Code    14  lcd.o(.text)
    LCD_SetCursor                            0x0800062d   Thumb Code   282  lcd.o(.text)
    LCD_ReadPoint                            0x08000747   Thumb Code   126  lcd.o(.text)
    LCD_DisplayOn                            0x080007c5   Thumb Code    32  lcd.o(.text)
    LCD_DisplayOff                           0x080007e5   Thumb Code    32  lcd.o(.text)
    LCD_Scan_Dir                             0x08000805   Thumb Code   570  lcd.o(.text)
    LCD_DrawPoint                            0x08000a3f   Thumb Code    28  lcd.o(.text)
    LCD_Fast_DrawPoint                       0x08000a5b   Thumb Code   234  lcd.o(.text)
    LCD_SSD_BackLightSet                     0x08000b45   Thumb Code    80  lcd.o(.text)
    LCD_Display_Dir                          0x08000b95   Thumb Code   298  lcd.o(.text)
    LCD_Set_Window                           0x08000cbf   Thumb Code   364  lcd.o(.text)
    LCD_Clear                                0x08000e2b   Thumb Code    42  lcd.o(.text)
    LCD_Init                                 0x08000e55   Thumb Code  9850  lcd.o(.text)
    LCD_Fill                                 0x080034cf   Thumb Code    80  lcd.o(.text)
    LCD_Color_Fill                           0x0800351f   Thumb Code    92  lcd.o(.text)
    LCD_DrawLine                             0x0800357b   Thumb Code   176  lcd.o(.text)
    LCD_DrawRectangle                        0x0800362b   Thumb Code    60  lcd.o(.text)
    LCD_Draw_Circle                          0x08003667   Thumb Code   152  lcd.o(.text)
    LCD_ShowChar                             0x080036ff   Thumb Code   284  lcd.o(.text)
    LCD_Pow                                  0x0800381b   Thumb Code    22  lcd.o(.text)
    LCD_ShowNum                              0x08003831   Thumb Code   148  lcd.o(.text)
    LCD_ShowxNum                             0x080038c5   Thumb Code   190  lcd.o(.text)
    LCD_ShowString                           0x08003983   Thumb Code   102  lcd.o(.text)
    Show_Chinese                             0x080039e9   Thumb Code   166  lcd.o(.text)
    Servo_PWM_Init                           0x08003aad   Thumb Code   226  sg90.o(.text)
    PWM1_SetCompare                          0x08003b8f   Thumb Code    16  sg90.o(.text)
    PWM2_SetCompare                          0x08003b9f   Thumb Code    16  sg90.o(.text)
    Servo1_SetAngle                          0x08003baf   Thumb Code    48  sg90.o(.text)
    Servo2_SetAngle                          0x08003bdf   Thumb Code    48  sg90.o(.text)
    cJSON_GetErrorPtr                        0x08003c21   Thumb Code     6  cjson.o(.text)
    cJSON_InitHooks                          0x08003c9b   Thumb Code    48  cjson.o(.text)
    cJSON_Delete                             0x08003ce5   Thumb Code    82  cjson.o(.text)
    cJSON_ParseWithOpts                      0x08004851   Thumb Code   152  cjson.o(.text)
    cJSON_Parse                              0x080048e9   Thumb Code    16  cjson.o(.text)
    cJSON_Print                              0x08005079   Thumb Code    18  cjson.o(.text)
    cJSON_PrintUnformatted                   0x0800508b   Thumb Code    18  cjson.o(.text)
    cJSON_PrintBuffered                      0x0800509d   Thumb Code    52  cjson.o(.text)
    cJSON_GetArraySize                       0x080050d1   Thumb Code    18  cjson.o(.text)
    cJSON_GetArrayItem                       0x080050e3   Thumb Code    18  cjson.o(.text)
    cJSON_GetObjectItem                      0x080050f5   Thumb Code    30  cjson.o(.text)
    cJSON_AddItemToArray                     0x08005149   Thumb Code    42  cjson.o(.text)
    cJSON_AddItemToObject                    0x08005173   Thumb Code    44  cjson.o(.text)
    cJSON_AddItemToObjectCS                  0x0800519f   Thumb Code    54  cjson.o(.text)
    cJSON_AddItemReferenceToArray            0x080051d5   Thumb Code    24  cjson.o(.text)
    cJSON_AddItemReferenceToObject           0x080051ed   Thumb Code    32  cjson.o(.text)
    cJSON_DetachItemFromArray                0x0800520d   Thumb Code    66  cjson.o(.text)
    cJSON_DeleteItemFromArray                0x0800524f   Thumb Code    22  cjson.o(.text)
    cJSON_DetachItemFromObject               0x08005265   Thumb Code    50  cjson.o(.text)
    cJSON_DeleteItemFromObject               0x08005297   Thumb Code    22  cjson.o(.text)
    cJSON_InsertItemInArray                  0x080052ad   Thumb Code    64  cjson.o(.text)
    cJSON_ReplaceItemInArray                 0x080052ed   Thumb Code    76  cjson.o(.text)
    cJSON_ReplaceItemInObject                0x08005339   Thumb Code    62  cjson.o(.text)
    cJSON_CreateNull                         0x08005377   Thumb Code    18  cjson.o(.text)
    cJSON_CreateTrue                         0x08005389   Thumb Code    18  cjson.o(.text)
    cJSON_CreateFalse                        0x0800539b   Thumb Code    18  cjson.o(.text)
    cJSON_CreateBool                         0x080053ad   Thumb Code    26  cjson.o(.text)
    cJSON_CreateNumber                       0x080053c7   Thumb Code    36  cjson.o(.text)
    cJSON_CreateString                       0x080053eb   Thumb Code    28  cjson.o(.text)
    cJSON_CreateArray                        0x08005407   Thumb Code    18  cjson.o(.text)
    cJSON_CreateObject                       0x08005419   Thumb Code    18  cjson.o(.text)
    cJSON_CreateIntArray                     0x0800542b   Thumb Code    68  cjson.o(.text)
    cJSON_CreateFloatArray                   0x0800546f   Thumb Code    68  cjson.o(.text)
    cJSON_CreateDoubleArray                  0x080054b3   Thumb Code    68  cjson.o(.text)
    cJSON_CreateStringArray                  0x080054f7   Thumb Code    62  cjson.o(.text)
    cJSON_Duplicate                          0x08005535   Thumb Code   178  cjson.o(.text)
    cJSON_Minify                             0x080055e7   Thumb Code   186  cjson.o(.text)
    X_loca                                   0x080056a1   Thumb Code    94  subfunctions.o(.text)
    Y_loca                                   0x080056ff   Thumb Code    80  subfunctions.o(.text)
    location                                 0x0800574f   Thumb Code    74  subfunctions.o(.text)
    Distance_A                               0x08005799   Thumb Code    74  subfunctions.o(.text)
    Show_location                            0x080057e3   Thumb Code   870  subfunctions.o(.text)
    Gimbal                                   0x08005b49   Thumb Code    48  subfunctions.o(.text)
    delay_init                               0x08005b8d   Thumb Code    50  delay.o(.text)
    delay_us                                 0x08005bbf   Thumb Code    72  delay.o(.text)
    delay_ms                                 0x08005c07   Thumb Code    72  delay.o(.text)
    _sys_exit                                0x08005c61   Thumb Code     4  usart.o(.text)
    _ttywrch                                 0x08005c65   Thumb Code     4  usart.o(.text)
    fputc                                    0x08005c69   Thumb Code    24  usart.o(.text)
    uart_init                                0x08005c81   Thumb Code   152  usart.o(.text)
    USART1_IRQHandler                        0x08005d19   Thumb Code   252  usart.o(.text)
    Reset_Handler                            0x08005e59   Thumb Code     8  startup_stm32f10x_hd.o(.text)
    ADC1_2_IRQHandler                        0x08005e73   Thumb Code     0  startup_stm32f10x_hd.o(.text)
    ADC3_IRQHandler                          0x08005e73   Thumb Code     0  startup_stm32f10x_hd.o(.text)
    CAN1_RX1_IRQHandler                      0x08005e73   Thumb Code     0  startup_stm32f10x_hd.o(.text)
    CAN1_SCE_IRQHandler                      0x08005e73   Thumb Code     0  startup_stm32f10x_hd.o(.text)
    DMA1_Channel1_IRQHandler                 0x08005e73   Thumb Code     0  startup_stm32f10x_hd.o(.text)
    DMA1_Channel2_IRQHandler                 0x08005e73   Thumb Code     0  startup_stm32f10x_hd.o(.text)
    DMA1_Channel3_IRQHandler                 0x08005e73   Thumb Code     0  startup_stm32f10x_hd.o(.text)
    DMA1_Channel4_IRQHandler                 0x08005e73   Thumb Code     0  startup_stm32f10x_hd.o(.text)
    DMA1_Channel5_IRQHandler                 0x08005e73   Thumb Code     0  startup_stm32f10x_hd.o(.text)
    DMA1_Channel6_IRQHandler                 0x08005e73   Thumb Code     0  startup_stm32f10x_hd.o(.text)
    DMA1_Channel7_IRQHandler                 0x08005e73   Thumb Code     0  startup_stm32f10x_hd.o(.text)
    DMA2_Channel1_IRQHandler                 0x08005e73   Thumb Code     0  startup_stm32f10x_hd.o(.text)
    DMA2_Channel2_IRQHandler                 0x08005e73   Thumb Code     0  startup_stm32f10x_hd.o(.text)
    DMA2_Channel3_IRQHandler                 0x08005e73   Thumb Code     0  startup_stm32f10x_hd.o(.text)
    DMA2_Channel4_5_IRQHandler               0x08005e73   Thumb Code     0  startup_stm32f10x_hd.o(.text)
    EXTI0_IRQHandler                         0x08005e73   Thumb Code     0  startup_stm32f10x_hd.o(.text)
    EXTI15_10_IRQHandler                     0x08005e73   Thumb Code     0  startup_stm32f10x_hd.o(.text)
    EXTI1_IRQHandler                         0x08005e73   Thumb Code     0  startup_stm32f10x_hd.o(.text)
    EXTI2_IRQHandler                         0x08005e73   Thumb Code     0  startup_stm32f10x_hd.o(.text)
    EXTI3_IRQHandler                         0x08005e73   Thumb Code     0  startup_stm32f10x_hd.o(.text)
    EXTI4_IRQHandler                         0x08005e73   Thumb Code     0  startup_stm32f10x_hd.o(.text)
    EXTI9_5_IRQHandler                       0x08005e73   Thumb Code     0  startup_stm32f10x_hd.o(.text)
    FLASH_IRQHandler                         0x08005e73   Thumb Code     0  startup_stm32f10x_hd.o(.text)
    FSMC_IRQHandler                          0x08005e73   Thumb Code     0  startup_stm32f10x_hd.o(.text)
    I2C1_ER_IRQHandler                       0x08005e73   Thumb Code     0  startup_stm32f10x_hd.o(.text)
    I2C1_EV_IRQHandler                       0x08005e73   Thumb Code     0  startup_stm32f10x_hd.o(.text)
    I2C2_ER_IRQHandler                       0x08005e73   Thumb Code     0  startup_stm32f10x_hd.o(.text)
    I2C2_EV_IRQHandler                       0x08005e73   Thumb Code     0  startup_stm32f10x_hd.o(.text)
    PVD_IRQHandler                           0x08005e73   Thumb Code     0  startup_stm32f10x_hd.o(.text)
    RCC_IRQHandler                           0x08005e73   Thumb Code     0  startup_stm32f10x_hd.o(.text)
    RTCAlarm_IRQHandler                      0x08005e73   Thumb Code     0  startup_stm32f10x_hd.o(.text)
    RTC_IRQHandler                           0x08005e73   Thumb Code     0  startup_stm32f10x_hd.o(.text)
    SDIO_IRQHandler                          0x08005e73   Thumb Code     0  startup_stm32f10x_hd.o(.text)
    SPI1_IRQHandler                          0x08005e73   Thumb Code     0  startup_stm32f10x_hd.o(.text)
    SPI2_IRQHandler                          0x08005e73   Thumb Code     0  startup_stm32f10x_hd.o(.text)
    SPI3_IRQHandler                          0x08005e73   Thumb Code     0  startup_stm32f10x_hd.o(.text)
    TAMPER_IRQHandler                        0x08005e73   Thumb Code     0  startup_stm32f10x_hd.o(.text)
    TIM1_BRK_IRQHandler                      0x08005e73   Thumb Code     0  startup_stm32f10x_hd.o(.text)
    TIM1_CC_IRQHandler                       0x08005e73   Thumb Code     0  startup_stm32f10x_hd.o(.text)
    TIM1_TRG_COM_IRQHandler                  0x08005e73   Thumb Code     0  startup_stm32f10x_hd.o(.text)
    TIM1_UP_IRQHandler                       0x08005e73   Thumb Code     0  startup_stm32f10x_hd.o(.text)
    TIM2_IRQHandler                          0x08005e73   Thumb Code     0  startup_stm32f10x_hd.o(.text)
    TIM3_IRQHandler                          0x08005e73   Thumb Code     0  startup_stm32f10x_hd.o(.text)
    TIM4_IRQHandler                          0x08005e73   Thumb Code     0  startup_stm32f10x_hd.o(.text)
    TIM5_IRQHandler                          0x08005e73   Thumb Code     0  startup_stm32f10x_hd.o(.text)
    TIM6_IRQHandler                          0x08005e73   Thumb Code     0  startup_stm32f10x_hd.o(.text)
    TIM7_IRQHandler                          0x08005e73   Thumb Code     0  startup_stm32f10x_hd.o(.text)
    TIM8_BRK_IRQHandler                      0x08005e73   Thumb Code     0  startup_stm32f10x_hd.o(.text)
    TIM8_CC_IRQHandler                       0x08005e73   Thumb Code     0  startup_stm32f10x_hd.o(.text)
    TIM8_TRG_COM_IRQHandler                  0x08005e73   Thumb Code     0  startup_stm32f10x_hd.o(.text)
    TIM8_UP_IRQHandler                       0x08005e73   Thumb Code     0  startup_stm32f10x_hd.o(.text)
    UART4_IRQHandler                         0x08005e73   Thumb Code     0  startup_stm32f10x_hd.o(.text)
    UART5_IRQHandler                         0x08005e73   Thumb Code     0  startup_stm32f10x_hd.o(.text)
    USART2_IRQHandler                        0x08005e73   Thumb Code     0  startup_stm32f10x_hd.o(.text)
    USART3_IRQHandler                        0x08005e73   Thumb Code     0  startup_stm32f10x_hd.o(.text)
    USBWakeUp_IRQHandler                     0x08005e73   Thumb Code     0  startup_stm32f10x_hd.o(.text)
    USB_HP_CAN1_TX_IRQHandler                0x08005e73   Thumb Code     0  startup_stm32f10x_hd.o(.text)
    USB_LP_CAN1_RX0_IRQHandler               0x08005e73   Thumb Code     0  startup_stm32f10x_hd.o(.text)
    WWDG_IRQHandler                          0x08005e73   Thumb Code     0  startup_stm32f10x_hd.o(.text)
    __user_initial_stackheap                 0x08005e75   Thumb Code     0  startup_stm32f10x_hd.o(.text)
    NVIC_PriorityGroupConfig                 0x08005e99   Thumb Code    10  misc.o(.text)
    NVIC_Init                                0x08005ea3   Thumb Code   100  misc.o(.text)
    NVIC_SetVectorTable                      0x08005f07   Thumb Code    14  misc.o(.text)
    NVIC_SystemLPConfig                      0x08005f15   Thumb Code    34  misc.o(.text)
    SysTick_CLKSourceConfig                  0x08005f37   Thumb Code    40  misc.o(.text)
    FSMC_NORSRAMDeInit                       0x08005f75   Thumb Code    54  stm32f10x_fsmc.o(.text)
    FSMC_NANDDeInit                          0x08005fab   Thumb Code    62  stm32f10x_fsmc.o(.text)
    FSMC_PCCARDDeInit                        0x08005fe9   Thumb Code    36  stm32f10x_fsmc.o(.text)
    FSMC_NORSRAMInit                         0x0800600d   Thumb Code   230  stm32f10x_fsmc.o(.text)
    FSMC_NANDInit                            0x080060f3   Thumb Code   132  stm32f10x_fsmc.o(.text)
    FSMC_PCCARDInit                          0x08006177   Thumb Code   130  stm32f10x_fsmc.o(.text)
    FSMC_NORSRAMStructInit                   0x080061f9   Thumb Code   114  stm32f10x_fsmc.o(.text)
    FSMC_NANDStructInit                      0x0800626b   Thumb Code    54  stm32f10x_fsmc.o(.text)
    FSMC_PCCARDStructInit                    0x080062a1   Thumb Code    60  stm32f10x_fsmc.o(.text)
    FSMC_NORSRAMCmd                          0x080062dd   Thumb Code    46  stm32f10x_fsmc.o(.text)
    FSMC_NANDCmd                             0x0800630b   Thumb Code    86  stm32f10x_fsmc.o(.text)
    FSMC_PCCARDCmd                           0x08006361   Thumb Code    44  stm32f10x_fsmc.o(.text)
    FSMC_NANDECCCmd                          0x0800638d   Thumb Code    90  stm32f10x_fsmc.o(.text)
    FSMC_GetECC                              0x080063e7   Thumb Code    24  stm32f10x_fsmc.o(.text)
    FSMC_ITConfig                            0x080063ff   Thumb Code   128  stm32f10x_fsmc.o(.text)
    FSMC_GetFlagStatus                       0x0800647f   Thumb Code    54  stm32f10x_fsmc.o(.text)
    FSMC_ClearFlag                           0x080064b5   Thumb Code    62  stm32f10x_fsmc.o(.text)
    FSMC_GetITStatus                         0x080064f3   Thumb Code    64  stm32f10x_fsmc.o(.text)
    FSMC_ClearITPendingBit                   0x08006533   Thumb Code    68  stm32f10x_fsmc.o(.text)
    GPIO_DeInit                              0x08006581   Thumb Code   172  stm32f10x_gpio.o(.text)
    GPIO_AFIODeInit                          0x0800662d   Thumb Code    20  stm32f10x_gpio.o(.text)
    GPIO_Init                                0x08006641   Thumb Code   278  stm32f10x_gpio.o(.text)
    GPIO_StructInit                          0x08006757   Thumb Code    16  stm32f10x_gpio.o(.text)
    GPIO_ReadInputDataBit                    0x08006767   Thumb Code    18  stm32f10x_gpio.o(.text)
    GPIO_ReadInputData                       0x08006779   Thumb Code     8  stm32f10x_gpio.o(.text)
    GPIO_ReadOutputDataBit                   0x08006781   Thumb Code    18  stm32f10x_gpio.o(.text)
    GPIO_ReadOutputData                      0x08006793   Thumb Code     8  stm32f10x_gpio.o(.text)
    GPIO_SetBits                             0x0800679b   Thumb Code     4  stm32f10x_gpio.o(.text)
    GPIO_ResetBits                           0x0800679f   Thumb Code     4  stm32f10x_gpio.o(.text)
    GPIO_WriteBit                            0x080067a3   Thumb Code    10  stm32f10x_gpio.o(.text)
    GPIO_Write                               0x080067ad   Thumb Code     4  stm32f10x_gpio.o(.text)
    GPIO_PinLockConfig                       0x080067b1   Thumb Code    18  stm32f10x_gpio.o(.text)
    GPIO_EventOutputConfig                   0x080067c3   Thumb Code    26  stm32f10x_gpio.o(.text)
    GPIO_EventOutputCmd                      0x080067dd   Thumb Code     6  stm32f10x_gpio.o(.text)
    GPIO_PinRemapConfig                      0x080067e3   Thumb Code   138  stm32f10x_gpio.o(.text)
    GPIO_EXTILineConfig                      0x0800686d   Thumb Code    66  stm32f10x_gpio.o(.text)
    GPIO_ETH_MediaInterfaceConfig            0x080068af   Thumb Code     8  stm32f10x_gpio.o(.text)
    RCC_DeInit                               0x080068dd   Thumb Code    64  stm32f10x_rcc.o(.text)
    RCC_HSEConfig                            0x0800691d   Thumb Code    70  stm32f10x_rcc.o(.text)
    RCC_GetFlagStatus                        0x08006963   Thumb Code    56  stm32f10x_rcc.o(.text)
    RCC_WaitForHSEStartUp                    0x0800699b   Thumb Code    56  stm32f10x_rcc.o(.text)
    RCC_AdjustHSICalibrationValue            0x080069d3   Thumb Code    20  stm32f10x_rcc.o(.text)
    RCC_HSICmd                               0x080069e7   Thumb Code     6  stm32f10x_rcc.o(.text)
    RCC_PLLConfig                            0x080069ed   Thumb Code    24  stm32f10x_rcc.o(.text)
    RCC_PLLCmd                               0x08006a05   Thumb Code     6  stm32f10x_rcc.o(.text)
    RCC_SYSCLKConfig                         0x08006a0b   Thumb Code    18  stm32f10x_rcc.o(.text)
    RCC_GetSYSCLKSource                      0x08006a1d   Thumb Code    10  stm32f10x_rcc.o(.text)
    RCC_HCLKConfig                           0x08006a27   Thumb Code    18  stm32f10x_rcc.o(.text)
    RCC_PCLK1Config                          0x08006a39   Thumb Code    18  stm32f10x_rcc.o(.text)
    RCC_PCLK2Config                          0x08006a4b   Thumb Code    20  stm32f10x_rcc.o(.text)
    RCC_ITConfig                             0x08006a5f   Thumb Code    26  stm32f10x_rcc.o(.text)
    RCC_USBCLKConfig                         0x08006a79   Thumb Code     8  stm32f10x_rcc.o(.text)
    RCC_ADCCLKConfig                         0x08006a81   Thumb Code    18  stm32f10x_rcc.o(.text)
    RCC_LSEConfig                            0x08006a93   Thumb Code    50  stm32f10x_rcc.o(.text)
    RCC_LSICmd                               0x08006ac5   Thumb Code     6  stm32f10x_rcc.o(.text)
    RCC_RTCCLKConfig                         0x08006acb   Thumb Code    12  stm32f10x_rcc.o(.text)
    RCC_RTCCLKCmd                            0x08006ad7   Thumb Code     8  stm32f10x_rcc.o(.text)
    RCC_GetClocksFreq                        0x08006adf   Thumb Code   192  stm32f10x_rcc.o(.text)
    RCC_AHBPeriphClockCmd                    0x08006b9f   Thumb Code    26  stm32f10x_rcc.o(.text)
    RCC_APB2PeriphClockCmd                   0x08006bb9   Thumb Code    26  stm32f10x_rcc.o(.text)
    RCC_APB1PeriphClockCmd                   0x08006bd3   Thumb Code    26  stm32f10x_rcc.o(.text)
    RCC_APB2PeriphResetCmd                   0x08006bed   Thumb Code    26  stm32f10x_rcc.o(.text)
    RCC_APB1PeriphResetCmd                   0x08006c07   Thumb Code    26  stm32f10x_rcc.o(.text)
    RCC_BackupResetCmd                       0x08006c21   Thumb Code     8  stm32f10x_rcc.o(.text)
    RCC_ClockSecuritySystemCmd               0x08006c29   Thumb Code     6  stm32f10x_rcc.o(.text)
    RCC_MCOConfig                            0x08006c2f   Thumb Code     6  stm32f10x_rcc.o(.text)
    RCC_ClearFlag                            0x08006c35   Thumb Code    14  stm32f10x_rcc.o(.text)
    RCC_GetITStatus                          0x08006c43   Thumb Code    20  stm32f10x_rcc.o(.text)
    RCC_ClearITPendingBit                    0x08006c57   Thumb Code     6  stm32f10x_rcc.o(.text)
    USART_DeInit                             0x08006c81   Thumb Code   134  stm32f10x_usart.o(.text)
    USART_Init                               0x08006d07   Thumb Code   210  stm32f10x_usart.o(.text)
    USART_StructInit                         0x08006dd9   Thumb Code    24  stm32f10x_usart.o(.text)
    USART_ClockInit                          0x08006df1   Thumb Code    34  stm32f10x_usart.o(.text)
    USART_ClockStructInit                    0x08006e13   Thumb Code    12  stm32f10x_usart.o(.text)
    USART_Cmd                                0x08006e1f   Thumb Code    24  stm32f10x_usart.o(.text)
    USART_ITConfig                           0x08006e37   Thumb Code    74  stm32f10x_usart.o(.text)
    USART_DMACmd                             0x08006e81   Thumb Code    18  stm32f10x_usart.o(.text)
    USART_SetAddress                         0x08006e93   Thumb Code    18  stm32f10x_usart.o(.text)
    USART_WakeUpConfig                       0x08006ea5   Thumb Code    18  stm32f10x_usart.o(.text)
    USART_ReceiverWakeUpCmd                  0x08006eb7   Thumb Code    24  stm32f10x_usart.o(.text)
    USART_LINBreakDetectLengthConfig         0x08006ecf   Thumb Code    18  stm32f10x_usart.o(.text)
    USART_LINCmd                             0x08006ee1   Thumb Code    24  stm32f10x_usart.o(.text)
    USART_SendData                           0x08006ef9   Thumb Code     8  stm32f10x_usart.o(.text)
    USART_ReceiveData                        0x08006f01   Thumb Code    10  stm32f10x_usart.o(.text)
    USART_SendBreak                          0x08006f0b   Thumb Code    10  stm32f10x_usart.o(.text)
    USART_SetGuardTime                       0x08006f15   Thumb Code    16  stm32f10x_usart.o(.text)
    USART_SetPrescaler                       0x08006f25   Thumb Code    16  stm32f10x_usart.o(.text)
    USART_SmartCardCmd                       0x08006f35   Thumb Code    24  stm32f10x_usart.o(.text)
    USART_SmartCardNACKCmd                   0x08006f4d   Thumb Code    24  stm32f10x_usart.o(.text)
    USART_HalfDuplexCmd                      0x08006f65   Thumb Code    24  stm32f10x_usart.o(.text)
    USART_OverSampling8Cmd                   0x08006f7d   Thumb Code    22  stm32f10x_usart.o(.text)
    USART_OneBitMethodCmd                    0x08006f93   Thumb Code    24  stm32f10x_usart.o(.text)
    USART_IrDAConfig                         0x08006fab   Thumb Code    18  stm32f10x_usart.o(.text)
    USART_IrDACmd                            0x08006fbd   Thumb Code    24  stm32f10x_usart.o(.text)
    USART_GetFlagStatus                      0x08006fd5   Thumb Code    26  stm32f10x_usart.o(.text)
    USART_ClearFlag                          0x08006fef   Thumb Code    18  stm32f10x_usart.o(.text)
    USART_GetITStatus                        0x08007001   Thumb Code    84  stm32f10x_usart.o(.text)
    USART_ClearITPendingBit                  0x08007055   Thumb Code    52  stm32f10x_usart.o(.text)
    TIM_DeInit                               0x08007089   Thumb Code   424  stm32f10x_tim.o(.text)
    TIM_TimeBaseInit                         0x08007231   Thumb Code   122  stm32f10x_tim.o(.text)
    TIM_OC1Init                              0x080072ab   Thumb Code   132  stm32f10x_tim.o(.text)
    TIM_OC2Init                              0x0800732f   Thumb Code   154  stm32f10x_tim.o(.text)
    TIM_OC3Init                              0x080073c9   Thumb Code   150  stm32f10x_tim.o(.text)
    TIM_OC4Init                              0x0800745f   Thumb Code   182  stm32f10x_tim.o(.text)
    TIM_SetIC4Prescaler                      0x08007515   Thumb Code    26  stm32f10x_tim.o(.text)
    TIM_SetIC3Prescaler                      0x080075b1   Thumb Code    18  stm32f10x_tim.o(.text)
    TIM_SetIC2Prescaler                      0x0800763d   Thumb Code    26  stm32f10x_tim.o(.text)
    TIM_SetIC1Prescaler                      0x080076d9   Thumb Code    18  stm32f10x_tim.o(.text)
    TIM_ICInit                               0x08007757   Thumb Code   150  stm32f10x_tim.o(.text)
    TIM_PWMIConfig                           0x080077ed   Thumb Code   124  stm32f10x_tim.o(.text)
    TIM_BDTRConfig                           0x08007869   Thumb Code    32  stm32f10x_tim.o(.text)
    TIM_TimeBaseStructInit                   0x08007889   Thumb Code    18  stm32f10x_tim.o(.text)
    TIM_OCStructInit                         0x0800789b   Thumb Code    20  stm32f10x_tim.o(.text)
    TIM_ICStructInit                         0x080078af   Thumb Code    18  stm32f10x_tim.o(.text)
    TIM_BDTRStructInit                       0x080078c1   Thumb Code    40  stm32f10x_tim.o(.text)
    TIM_Cmd                                  0x080078e9   Thumb Code    24  stm32f10x_tim.o(.text)
    TIM_CtrlPWMOutputs                       0x08007901   Thumb Code    30  stm32f10x_tim.o(.text)
    TIM_ITConfig                             0x0800791f   Thumb Code    18  stm32f10x_tim.o(.text)
    TIM_GenerateEvent                        0x08007931   Thumb Code     4  stm32f10x_tim.o(.text)
    TIM_DMAConfig                            0x08007935   Thumb Code    10  stm32f10x_tim.o(.text)
    TIM_DMACmd                               0x0800793f   Thumb Code    18  stm32f10x_tim.o(.text)
    TIM_InternalClockConfig                  0x08007951   Thumb Code    12  stm32f10x_tim.o(.text)
    TIM_SelectInputTrigger                   0x0800795d   Thumb Code    18  stm32f10x_tim.o(.text)
    TIM_ITRxExternalClockConfig              0x0800796f   Thumb Code    24  stm32f10x_tim.o(.text)
    TIM_TIxExternalClockConfig               0x08007987   Thumb Code    62  stm32f10x_tim.o(.text)
    TIM_ETRConfig                            0x080079c5   Thumb Code    28  stm32f10x_tim.o(.text)
    TIM_ETRClockMode1Config                  0x080079e1   Thumb Code    54  stm32f10x_tim.o(.text)
    TIM_ETRClockMode2Config                  0x08007a17   Thumb Code    32  stm32f10x_tim.o(.text)
    TIM_PrescalerConfig                      0x08007a37   Thumb Code     6  stm32f10x_tim.o(.text)
    TIM_CounterModeConfig                    0x08007a3d   Thumb Code    18  stm32f10x_tim.o(.text)
    TIM_EncoderInterfaceConfig               0x08007a4f   Thumb Code    66  stm32f10x_tim.o(.text)
    TIM_ForcedOC1Config                      0x08007a91   Thumb Code    18  stm32f10x_tim.o(.text)
    TIM_ForcedOC2Config                      0x08007aa3   Thumb Code    26  stm32f10x_tim.o(.text)
    TIM_ForcedOC3Config                      0x08007abd   Thumb Code    18  stm32f10x_tim.o(.text)
    TIM_ForcedOC4Config                      0x08007acf   Thumb Code    26  stm32f10x_tim.o(.text)
    TIM_ARRPreloadConfig                     0x08007ae9   Thumb Code    24  stm32f10x_tim.o(.text)
    TIM_SelectCOM                            0x08007b01   Thumb Code    24  stm32f10x_tim.o(.text)
    TIM_SelectCCDMA                          0x08007b19   Thumb Code    24  stm32f10x_tim.o(.text)
    TIM_CCPreloadControl                     0x08007b31   Thumb Code    24  stm32f10x_tim.o(.text)
    TIM_OC1PreloadConfig                     0x08007b49   Thumb Code    18  stm32f10x_tim.o(.text)
    TIM_OC2PreloadConfig                     0x08007b5b   Thumb Code    26  stm32f10x_tim.o(.text)
    TIM_OC3PreloadConfig                     0x08007b75   Thumb Code    18  stm32f10x_tim.o(.text)
    TIM_OC4PreloadConfig                     0x08007b87   Thumb Code    26  stm32f10x_tim.o(.text)
    TIM_OC1FastConfig                        0x08007ba1   Thumb Code    18  stm32f10x_tim.o(.text)
    TIM_OC2FastConfig                        0x08007bb3   Thumb Code    26  stm32f10x_tim.o(.text)
    TIM_OC3FastConfig                        0x08007bcd   Thumb Code    18  stm32f10x_tim.o(.text)
    TIM_OC4FastConfig                        0x08007bdf   Thumb Code    26  stm32f10x_tim.o(.text)
    TIM_ClearOC1Ref                          0x08007bf9   Thumb Code    18  stm32f10x_tim.o(.text)
    TIM_ClearOC2Ref                          0x08007c0b   Thumb Code    24  stm32f10x_tim.o(.text)
    TIM_ClearOC3Ref                          0x08007c23   Thumb Code    18  stm32f10x_tim.o(.text)
    TIM_ClearOC4Ref                          0x08007c35   Thumb Code    24  stm32f10x_tim.o(.text)
    TIM_OC1PolarityConfig                    0x08007c4d   Thumb Code    18  stm32f10x_tim.o(.text)
    TIM_OC1NPolarityConfig                   0x08007c5f   Thumb Code    18  stm32f10x_tim.o(.text)
    TIM_OC2PolarityConfig                    0x08007c71   Thumb Code    26  stm32f10x_tim.o(.text)
    TIM_OC2NPolarityConfig                   0x08007c8b   Thumb Code    26  stm32f10x_tim.o(.text)
    TIM_OC3PolarityConfig                    0x08007ca5   Thumb Code    26  stm32f10x_tim.o(.text)
    TIM_OC3NPolarityConfig                   0x08007cbf   Thumb Code    26  stm32f10x_tim.o(.text)
    TIM_OC4PolarityConfig                    0x08007cd9   Thumb Code    26  stm32f10x_tim.o(.text)
    TIM_CCxCmd                               0x08007cf3   Thumb Code    30  stm32f10x_tim.o(.text)
    TIM_CCxNCmd                              0x08007d11   Thumb Code    30  stm32f10x_tim.o(.text)
    TIM_SelectOCxM                           0x08007d2f   Thumb Code    82  stm32f10x_tim.o(.text)
    TIM_UpdateDisableConfig                  0x08007d81   Thumb Code    24  stm32f10x_tim.o(.text)
    TIM_UpdateRequestConfig                  0x08007d99   Thumb Code    24  stm32f10x_tim.o(.text)
    TIM_SelectHallSensor                     0x08007db1   Thumb Code    24  stm32f10x_tim.o(.text)
    TIM_SelectOnePulseMode                   0x08007dc9   Thumb Code    18  stm32f10x_tim.o(.text)
    TIM_SelectOutputTrigger                  0x08007ddb   Thumb Code    18  stm32f10x_tim.o(.text)
    TIM_SelectSlaveMode                      0x08007ded   Thumb Code    18  stm32f10x_tim.o(.text)
    TIM_SelectMasterSlaveMode                0x08007dff   Thumb Code    18  stm32f10x_tim.o(.text)
    TIM_SetCounter                           0x08007e11   Thumb Code     4  stm32f10x_tim.o(.text)
    TIM_SetAutoreload                        0x08007e15   Thumb Code     4  stm32f10x_tim.o(.text)
    TIM_SetCompare1                          0x08007e19   Thumb Code     4  stm32f10x_tim.o(.text)
    TIM_SetCompare2                          0x08007e1d   Thumb Code     4  stm32f10x_tim.o(.text)
    TIM_SetCompare3                          0x08007e21   Thumb Code     4  stm32f10x_tim.o(.text)
    TIM_SetCompare4                          0x08007e25   Thumb Code     6  stm32f10x_tim.o(.text)
    TIM_SetClockDivision                     0x08007e2b   Thumb Code    18  stm32f10x_tim.o(.text)
    TIM_GetCapture1                          0x08007e3d   Thumb Code     6  stm32f10x_tim.o(.text)
    TIM_GetCapture2                          0x08007e43   Thumb Code     6  stm32f10x_tim.o(.text)
    TIM_GetCapture3                          0x08007e49   Thumb Code     6  stm32f10x_tim.o(.text)
    TIM_GetCapture4                          0x08007e4f   Thumb Code     8  stm32f10x_tim.o(.text)
    TIM_GetCounter                           0x08007e57   Thumb Code     6  stm32f10x_tim.o(.text)
    TIM_GetPrescaler                         0x08007e5d   Thumb Code     6  stm32f10x_tim.o(.text)
    TIM_GetFlagStatus                        0x08007e63   Thumb Code    18  stm32f10x_tim.o(.text)
    TIM_ClearFlag                            0x08007e75   Thumb Code     6  stm32f10x_tim.o(.text)
    TIM_GetITStatus                          0x08007e7b   Thumb Code    34  stm32f10x_tim.o(.text)
    TIM_ClearITPendingBit                    0x08007e9d   Thumb Code     6  stm32f10x_tim.o(.text)
    __use_no_semihosting                     0x08007ea3   Thumb Code     2  use_no_semi_2.o(.text)
    malloc                                   0x08007ea5   Thumb Code    94  h1_alloc.o(.text)
    free                                     0x08007f03   Thumb Code    78  h1_free.o(.text)
    tolower                                  0x08007f51   Thumb Code    26  tolower.o(.text)
    __2printf                                0x08007f6d   Thumb Code    20  noretval__2printf.o(.text)
    __2sprintf                               0x08007f85   Thumb Code    34  noretval__2sprintf.o(.text)
    _printf_pre_padding                      0x08007fad   Thumb Code    44  _printf_pad.o(.text)
    _printf_post_padding                     0x08007fd9   Thumb Code    34  _printf_pad.o(.text)
    _printf_str                              0x08007ffb   Thumb Code    82  _printf_str.o(.text)
    _printf_int_dec                          0x0800804d   Thumb Code   104  _printf_dec.o(.text)
    _printf_int_hex                          0x080080c5   Thumb Code    84  _printf_hex_int.o(.text)
    _printf_longlong_hex                     0x080080c5   Thumb Code     0  _printf_hex_int.o(.text)
    __printf                                 0x0800811d   Thumb Code   308  __printf_flags_wp.o(.text)
    strchr                                   0x08008255   Thumb Code    20  strchr.o(.text)
    strcpy                                   0x08008269   Thumb Code    72  strcpy.o(.text)
    strlen                                   0x080082b1   Thumb Code    62  strlen.o(.text)
    strncmp                                  0x080082ef   Thumb Code   150  strncmp.o(.text)
    __aeabi_memcpy                           0x08008385   Thumb Code     0  rt_memcpy_v6.o(.text)
    __rt_memcpy                              0x08008385   Thumb Code   138  rt_memcpy_v6.o(.text)
    _memcpy_lastbytes                        0x080083eb   Thumb Code     0  rt_memcpy_v6.o(.text)
    __aeabi_memcpy4                          0x0800840f   Thumb Code     0  rt_memcpy_w.o(.text)
    __aeabi_memcpy8                          0x0800840f   Thumb Code     0  rt_memcpy_w.o(.text)
    __rt_memcpy_w                            0x0800840f   Thumb Code   100  rt_memcpy_w.o(.text)
    _memcpy_lastbytes_aligned                0x08008457   Thumb Code     0  rt_memcpy_w.o(.text)
    __aeabi_memclr                           0x08008473   Thumb Code     0  rt_memclr.o(.text)
    __rt_memclr                              0x08008473   Thumb Code    68  rt_memclr.o(.text)
    _memset                                  0x08008477   Thumb Code     0  rt_memclr.o(.text)
    __aeabi_memclr4                          0x080084b7   Thumb Code     0  rt_memclr_w.o(.text)
    __aeabi_memclr8                          0x080084b7   Thumb Code     0  rt_memclr_w.o(.text)
    __rt_memclr_w                            0x080084b7   Thumb Code    78  rt_memclr_w.o(.text)
    _memset_w                                0x080084bb   Thumb Code     0  rt_memclr_w.o(.text)
    __use_two_region_memory                  0x08008505   Thumb Code     2  heapauxi.o(.text)
    __rt_heap_escrow                         0x08008507   Thumb Code     2  heapauxi.o(.text)
    __rt_heap_expand                         0x08008509   Thumb Code     2  heapauxi.o(.text)
    __I$use$semihosting                      0x0800850b   Thumb Code     0  use_no_semi.o(.text)
    __use_no_semihosting_swi                 0x0800850b   Thumb Code     2  use_no_semi.o(.text)
    __rt_ctype_table                         0x0800850d   Thumb Code    16  rt_ctype_table.o(.text)
    __rt_heap_descriptor                     0x0800851d   Thumb Code     8  rt_heap_descriptor_intlibspace.o(.text)
    __use_no_heap                            0x08008525   Thumb Code     2  hguard.o(.text)
    __heap$guard                             0x08008527   Thumb Code     2  hguard.o(.text)
    _terminate_user_alloc                    0x08008529   Thumb Code     2  init_alloc.o(.text)
    _init_user_alloc                         0x0800852b   Thumb Code     2  init_alloc.o(.text)
    __Heap_Full                              0x0800852d   Thumb Code    34  init_alloc.o(.text)
    __Heap_Broken                            0x0800854f   Thumb Code     6  init_alloc.o(.text)
    _init_alloc                              0x08008555   Thumb Code    94  init_alloc.o(.text)
    __Heap_Initialize                        0x080085b3   Thumb Code    10  h1_init.o(.text)
    __Heap_DescSize                          0x080085bd   Thumb Code     4  h1_init.o(.text)
    __read_errno                             0x080085c1   Thumb Code    10  _rserrno.o(.text)
    __set_errno                              0x080085cb   Thumb Code    12  _rserrno.o(.text)
    _printf_int_common                       0x080085d7   Thumb Code   178  _printf_intcommon.o(.text)
    __lib_sel_fp_printf                      0x08008689   Thumb Code     2  _printf_fp_dec.o(.text)
    _printf_fp_dec_real                      0x0800883b   Thumb Code   620  _printf_fp_dec.o(.text)
    _printf_char_common                      0x08008ab3   Thumb Code    32  _printf_char_common.o(.text)
    _sputc                                   0x08008ad9   Thumb Code    10  _sputc.o(.text)
    _printf_cs_common                        0x08008ae3   Thumb Code    20  _printf_char.o(.text)
    _printf_char                             0x08008af7   Thumb Code    16  _printf_char.o(.text)
    _printf_string                           0x08008b07   Thumb Code     8  _printf_char.o(.text)
    _printf_char_file                        0x08008b11   Thumb Code    32  _printf_char_file.o(.text)
    __user_libspace                          0x08008b35   Thumb Code     8  libspace.o(.text)
    __user_perproc_libspace                  0x08008b35   Thumb Code     0  libspace.o(.text)
    __user_perthread_libspace                0x08008b35   Thumb Code     0  libspace.o(.text)
    __rt_locale                              0x08008b3d   Thumb Code     8  rt_locale_intlibspace.o(.text)
    __aeabi_errno_addr                       0x08008b45   Thumb Code     8  rt_errno_addr_intlibspace.o(.text)
    __errno$intlibspace                      0x08008b45   Thumb Code     0  rt_errno_addr_intlibspace.o(.text)
    __rt_errno_addr$intlibspace              0x08008b45   Thumb Code     0  rt_errno_addr_intlibspace.o(.text)
    __Heap_ProvideMemory                     0x08008b4d   Thumb Code    52  h1_extend.o(.text)
    _ll_udiv10                               0x08008b81   Thumb Code   138  lludiv10.o(.text)
    _printf_fp_infnan                        0x08008c0d   Thumb Code   112  _printf_fp_infnan.o(.text)
    _btod_etento                             0x08008c8d   Thumb Code   224  bigflt0.o(.text)
    ferror                                   0x08008d71   Thumb Code     8  ferror.o(.text)
    __rt_SIGRTMEM                            0x08008d79   Thumb Code    14  defsig_rtmem_outer.o(.text)
    __user_setup_stackheap                   0x08008d87   Thumb Code    74  sys_stackheap_outer.o(.text)
    exit                                     0x08008dd1   Thumb Code    18  exit.o(.text)
    __sig_exit                               0x08008de3   Thumb Code    10  defsig_exit.o(.text)
    __rt_SIGRTMEM_inner                      0x08008ded   Thumb Code    22  defsig_rtmem_inner.o(.text)
    strcmp                                   0x08008e3d   Thumb Code   128  strcmpv7m.o(.text)
    __default_signal_display                 0x08008ebd   Thumb Code    50  defsig_general.o(.text)
    _btod_d2e                                0x08008eef   Thumb Code    62  btod.o(CL$$btod_d2e)
    _d2e_denorm_low                          0x08008f2d   Thumb Code    70  btod.o(CL$$btod_d2e_denorm_low)
    _d2e_norm_op1                            0x08008f73   Thumb Code    96  btod.o(CL$$btod_d2e_norm_op1)
    __btod_div_common                        0x08008fd3   Thumb Code   696  btod.o(CL$$btod_div_common)
    _e2e                                     0x0800930b   Thumb Code   220  btod.o(CL$$btod_e2e)
    _btod_ediv                               0x080093e7   Thumb Code    42  btod.o(CL$$btod_ediv)
    _btod_emul                               0x08009411   Thumb Code    42  btod.o(CL$$btod_emul)
    __btod_mult_common                       0x0800943b   Thumb Code   580  btod.o(CL$$btod_mult_common)
    __ARM_fpclassify                         0x0800967f   Thumb Code    40  fpclassify.o(i.__ARM_fpclassify)
    __ieee754_rem_pio2                       0x080096a9   Thumb Code   828  rred.o(i.__ieee754_rem_pio2)
    __kernel_cos                             0x08009a31   Thumb Code   230  cos_i.o(i.__kernel_cos)
    __kernel_poly                            0x08009b2d   Thumb Code   170  poly.o(i.__kernel_poly)
    __kernel_sin                             0x08009bd9   Thumb Code   224  sin_i.o(i.__kernel_sin)
    __mathlib_dbl_divzero                    0x08009cc5   Thumb Code    12  dunder.o(i.__mathlib_dbl_divzero)
    __mathlib_dbl_infnan                     0x08009cd5   Thumb Code     6  dunder.o(i.__mathlib_dbl_infnan)
    __mathlib_dbl_infnan2                    0x08009cdb   Thumb Code     4  dunder.o(i.__mathlib_dbl_infnan2)
    __mathlib_dbl_invalid                    0x08009cdf   Thumb Code    12  dunder.o(i.__mathlib_dbl_invalid)
    __mathlib_dbl_overflow                   0x08009ceb   Thumb Code    14  dunder.o(i.__mathlib_dbl_overflow)
    __mathlib_dbl_underflow                  0x08009cf9   Thumb Code    10  dunder.o(i.__mathlib_dbl_underflow)
    _is_digit                                0x08009d09   Thumb Code    14  __printf_wp.o(i._is_digit)
    atan                                     0x08009d19   Thumb Code   474  atan.o(i.atan)
    cos                                      0x08009f39   Thumb Code   148  cos.o(i.cos)
    floor                                    0x08009fd5   Thumb Code   204  floor.o(i.floor)
    pow                                      0x0800a0b1   Thumb Code  2512  pow.o(i.pow)
    sin                                      0x0800aa89   Thumb Code   150  sin.o(i.sin)
    sqrt                                     0x0800ab29   Thumb Code    76  sqrt.o(i.sqrt)
    _get_lc_ctype                            0x0800ab75   Thumb Code    44  lc_ctype_c.o(locale$$code)
    _get_lc_numeric                          0x0800aba1   Thumb Code    44  lc_numeric_c.o(locale$$code)
    __aeabi_d2f                              0x0800abcd   Thumb Code     0  d2f.o(x$fpl$d2f)
    _d2f                                     0x0800abcd   Thumb Code    98  d2f.o(x$fpl$d2f)
    __aeabi_dadd                             0x0800ac31   Thumb Code     0  daddsub_clz.o(x$fpl$dadd)
    _dadd                                    0x0800ac31   Thumb Code   332  daddsub_clz.o(x$fpl$dadd)
    __fpl_dcheck_NaN1                        0x0800ad81   Thumb Code    10  dcheck1.o(x$fpl$dcheck1)
    __fpl_dcmp_Inf                           0x0800ad91   Thumb Code    24  dcmpi.o(x$fpl$dcmpinf)
    __aeabi_ddiv                             0x0800ada9   Thumb Code     0  ddiv.o(x$fpl$ddiv)
    _ddiv                                    0x0800ada9   Thumb Code   552  ddiv.o(x$fpl$ddiv)
    __aeabi_cdcmpeq                          0x0800b059   Thumb Code     0  deqf.o(x$fpl$deqf)
    _dcmpeq                                  0x0800b059   Thumb Code   120  deqf.o(x$fpl$deqf)
    __aeabi_d2iz                             0x0800b0d1   Thumb Code     0  dfix.o(x$fpl$dfix)
    _dfix                                    0x0800b0d1   Thumb Code    94  dfix.o(x$fpl$dfix)
    __aeabi_d2uiz                            0x0800b131   Thumb Code     0  dfixu.o(x$fpl$dfixu)
    _dfixu                                   0x0800b131   Thumb Code    90  dfixu.o(x$fpl$dfixu)
    __aeabi_i2d                              0x0800b18b   Thumb Code     0  dflt_clz.o(x$fpl$dflt)
    _dflt                                    0x0800b18b   Thumb Code    46  dflt_clz.o(x$fpl$dflt)
    __aeabi_ui2d                             0x0800b1b9   Thumb Code     0  dflt_clz.o(x$fpl$dfltu)
    _dfltu                                   0x0800b1b9   Thumb Code    38  dflt_clz.o(x$fpl$dfltu)
    __aeabi_cdcmple                          0x0800b1e1   Thumb Code     0  dleqf.o(x$fpl$dleqf)
    _dcmple                                  0x0800b1e1   Thumb Code   120  dleqf.o(x$fpl$dleqf)
    __fpl_dcmple_InfNaN                      0x0800b243   Thumb Code     0  dleqf.o(x$fpl$dleqf)
    __aeabi_dmul                             0x0800b259   Thumb Code     0  dmul.o(x$fpl$dmul)
    _dmul                                    0x0800b259   Thumb Code   332  dmul.o(x$fpl$dmul)
    __fpl_dnaninf                            0x0800b3ad   Thumb Code   156  dnaninf.o(x$fpl$dnaninf)
    __fpl_dretinf                            0x0800b449   Thumb Code    12  dretinf.o(x$fpl$dretinf)
    __aeabi_cdrcmple                         0x0800b455   Thumb Code     0  drleqf.o(x$fpl$drleqf)
    _drcmple                                 0x0800b455   Thumb Code   108  drleqf.o(x$fpl$drleqf)
    __aeabi_drsub                            0x0800b4c1   Thumb Code     0  daddsub_clz.o(x$fpl$drsb)
    _drsb                                    0x0800b4c1   Thumb Code    22  daddsub_clz.o(x$fpl$drsb)
    _dsqrt                                   0x0800b4d9   Thumb Code   456  dsqrt_noumaal.o(x$fpl$dsqrt)
    __aeabi_dsub                             0x0800b6a5   Thumb Code     0  daddsub_clz.o(x$fpl$dsub)
    _dsub                                    0x0800b6a5   Thumb Code   464  daddsub_clz.o(x$fpl$dsub)
    __aeabi_f2d                              0x0800b879   Thumb Code     0  f2d.o(x$fpl$f2d)
    _f2d                                     0x0800b879   Thumb Code    86  f2d.o(x$fpl$f2d)
    __aeabi_fadd                             0x0800b8d1   Thumb Code     0  faddsub_clz.o(x$fpl$fadd)
    _fadd                                    0x0800b8d1   Thumb Code   196  faddsub_clz.o(x$fpl$fadd)
    __aeabi_fdiv                             0x0800b995   Thumb Code     0  fdiv.o(x$fpl$fdiv)
    _fdiv                                    0x0800b995   Thumb Code   384  fdiv.o(x$fpl$fdiv)
    __aeabi_f2iz                             0x0800bb19   Thumb Code     0  ffix.o(x$fpl$ffix)
    _ffix                                    0x0800bb19   Thumb Code    54  ffix.o(x$fpl$ffix)
    __aeabi_f2uiz                            0x0800bb51   Thumb Code     0  ffixu.o(x$fpl$ffixu)
    _ffixu                                   0x0800bb51   Thumb Code    62  ffixu.o(x$fpl$ffixu)
    __aeabi_fmul                             0x0800bb91   Thumb Code     0  fmul.o(x$fpl$fmul)
    _fmul                                    0x0800bb91   Thumb Code   258  fmul.o(x$fpl$fmul)
    __fpl_fnaninf                            0x0800bc93   Thumb Code   140  fnaninf.o(x$fpl$fnaninf)
    __fpl_fretinf                            0x0800bd1f   Thumb Code    10  fretinf.o(x$fpl$fretinf)
    __aeabi_fsub                             0x0800bd29   Thumb Code     0  faddsub_clz.o(x$fpl$fsub)
    _fsub                                    0x0800bd29   Thumb Code   234  faddsub_clz.o(x$fpl$fsub)
    _printf_fp_dec                           0x0800be13   Thumb Code     4  printf1.o(x$fpl$printf1)
    __fpl_return_NaN                         0x0800be17   Thumb Code   100  retnan.o(x$fpl$retnan)
    __ARM_scalbn                             0x0800be7b   Thumb Code    92  scalbn.o(x$fpl$scalbn)
    __fpl_cmpreturn                          0x0800bed7   Thumb Code    48  trapv.o(x$fpl$trapveneer)
    __I$use$fp                               0x0800bf06   Number         0  usenofp.o(x$fpl$usenofp)
    asc2_1206                                0x0800bf06   Data        1140  lcd.o(.constdata)
    asc2_1608                                0x0800c37a   Data        1520  lcd.o(.constdata)
    asc2_2412                                0x0800c96a   Data        3420  lcd.o(.constdata)
    hz16                                     0x0800d6c6   Data         480  lcd.o(.constdata)
    hz24                                     0x0800d8a6   Data        2160  lcd.o(.constdata)
    __mathlib_zero                           0x0800e2a8   Data           8  qnan.o(.constdata)
    Region$$Table$$Base                      0x0800e434   Number         0  anon$$obj.o(Region$$Table)
    Region$$Table$$Limit                     0x0800e454   Number         0  anon$$obj.o(Region$$Table)
    __ctype                                  0x0800e461   Data           0  lc_ctype_c.o(locale$$data)
    SystemCoreClock                          0x20000000   Data           4  system_stm32f10x.o(.data)
    AHBPrescTable                            0x20000004   Data          16  system_stm32f10x.o(.data)
    POINT_COLOR                              0x20000016   Data           2  lcd.o(.data)
    BACK_COLOR                               0x20000018   Data           2  lcd.o(.data)
    __stdout                                 0x2000002c   Data           4  usart.o(.data)
    dis                                      0x20000030   Data           4  usart.o(.data)
    ang                                      0x20000034   Data           4  usart.o(.data)
    json                                     0x20000038   Data           4  usart.o(.data)
    json_value                               0x2000003c   Data           4  usart.o(.data)
    recv_cnt                                 0x20000040   Data           1  usart.o(.data)
    USART_RX_STA                             0x20000042   Data           2  usart.o(.data)
    lcddev                                   0x20000058   Data          14  lcd.o(.bss)
    USART_RX_BUF                             0x20000066   Data         200  usart.o(.bss)
    __libspace_start                         0x20000130   Data          96  libspace.o(.bss)
    __temporary_stack_top$libspace           0x20000190   Data           0  libspace.o(.bss)



==============================================================================

Memory Map of the image

  Image Entry point : 0x08000131

  Load Region LR_IROM1 (Base: 0x08000000, Size: 0x0000e5d8, Max: 0x00080000, ABSOLUTE)

    Execution Region ER_IROM1 (Exec base: 0x08000000, Load base: 0x08000000, Size: 0x0000e580, Max: 0x00080000, ABSOLUTE)

    Exec Addr    Load Addr    Size         Type   Attr      Idx    E Section Name        Object

    0x08000000   0x08000000   0x00000130   Data   RO          381    RESET               startup_stm32f10x_hd.o
    0x08000130   0x08000130   0x00000008   Code   RO          621  * !!!main             c_w.l(__main.o)
    0x08000138   0x08000138   0x00000034   Code   RO         1052    !!!scatter          c_w.l(__scatter.o)
    0x0800016c   0x0800016c   0x0000001a   Code   RO         1054    !!handler_copy      c_w.l(__scatter_copy.o)
    0x08000186   0x08000186   0x00000002   PAD
    0x08000188   0x08000188   0x0000001c   Code   RO         1056    !!handler_zi        c_w.l(__scatter_zi.o)
    0x080001a4   0x080001a4   0x00000000   Code   RO          602    .ARM.Collect$$_printf_percent$$00000000  c_w.l(_printf_percent.o)
    0x080001a4   0x080001a4   0x00000006   Code   RO          600    .ARM.Collect$$_printf_percent$$00000003  c_w.l(_printf_f.o)
    0x080001aa   0x080001aa   0x00000006   Code   RO          601    .ARM.Collect$$_printf_percent$$00000004  c_w.l(_printf_e.o)
    0x080001b0   0x080001b0   0x00000006   Code   RO          599    .ARM.Collect$$_printf_percent$$00000009  c_w.l(_printf_d.o)
    0x080001b6   0x080001b6   0x00000006   Code   RO          598    .ARM.Collect$$_printf_percent$$0000000C  c_w.l(_printf_x.o)
    0x080001bc   0x080001bc   0x00000006   Code   RO          597    .ARM.Collect$$_printf_percent$$00000014  c_w.l(_printf_s.o)
    0x080001c2   0x080001c2   0x00000004   Code   RO          767    .ARM.Collect$$_printf_percent$$00000017  c_w.l(_printf_percent_end.o)
    0x080001c6   0x080001c6   0x00000002   Code   RO          989    .ARM.Collect$$libinit$$00000000  c_w.l(libinit.o)
    0x080001c8   0x080001c8   0x00000000   Code   RO          771    .ARM.Collect$$libinit$$00000002  c_w.l(libinit2.o)
    0x080001c8   0x080001c8   0x00000000   Code   RO          773    .ARM.Collect$$libinit$$00000004  c_w.l(libinit2.o)
    0x080001c8   0x080001c8   0x00000008   Code   RO          774    .ARM.Collect$$libinit$$00000005  c_w.l(libinit2.o)
    0x080001d0   0x080001d0   0x00000000   Code   RO          776    .ARM.Collect$$libinit$$0000000A  c_w.l(libinit2.o)
    0x080001d0   0x080001d0   0x00000000   Code   RO          778    .ARM.Collect$$libinit$$0000000C  c_w.l(libinit2.o)
    0x080001d0   0x080001d0   0x00000000   Code   RO          780    .ARM.Collect$$libinit$$0000000E  c_w.l(libinit2.o)
    0x080001d0   0x080001d0   0x00000006   Code   RO          781    .ARM.Collect$$libinit$$0000000F  c_w.l(libinit2.o)
    0x080001d6   0x080001d6   0x00000000   Code   RO          783    .ARM.Collect$$libinit$$00000011  c_w.l(libinit2.o)
    0x080001d6   0x080001d6   0x0000000c   Code   RO          784    .ARM.Collect$$libinit$$00000012  c_w.l(libinit2.o)
    0x080001e2   0x080001e2   0x00000000   Code   RO          785    .ARM.Collect$$libinit$$00000013  c_w.l(libinit2.o)
    0x080001e2   0x080001e2   0x00000000   Code   RO          787    .ARM.Collect$$libinit$$00000015  c_w.l(libinit2.o)
    0x080001e2   0x080001e2   0x0000000a   Code   RO          788    .ARM.Collect$$libinit$$00000016  c_w.l(libinit2.o)
    0x080001ec   0x080001ec   0x00000000   Code   RO          789    .ARM.Collect$$libinit$$00000017  c_w.l(libinit2.o)
    0x080001ec   0x080001ec   0x00000000   Code   RO          791    .ARM.Collect$$libinit$$00000019  c_w.l(libinit2.o)
    0x080001ec   0x080001ec   0x00000000   Code   RO          793    .ARM.Collect$$libinit$$0000001B  c_w.l(libinit2.o)
    0x080001ec   0x080001ec   0x00000000   Code   RO          795    .ARM.Collect$$libinit$$0000001D  c_w.l(libinit2.o)
    0x080001ec   0x080001ec   0x00000000   Code   RO          797    .ARM.Collect$$libinit$$0000001F  c_w.l(libinit2.o)
    0x080001ec   0x080001ec   0x00000000   Code   RO          799    .ARM.Collect$$libinit$$00000021  c_w.l(libinit2.o)
    0x080001ec   0x080001ec   0x00000000   Code   RO          801    .ARM.Collect$$libinit$$00000023  c_w.l(libinit2.o)
    0x080001ec   0x080001ec   0x00000000   Code   RO          803    .ARM.Collect$$libinit$$00000025  c_w.l(libinit2.o)
    0x080001ec   0x080001ec   0x00000000   Code   RO          807    .ARM.Collect$$libinit$$0000002C  c_w.l(libinit2.o)
    0x080001ec   0x080001ec   0x00000000   Code   RO          809    .ARM.Collect$$libinit$$0000002E  c_w.l(libinit2.o)
    0x080001ec   0x080001ec   0x00000000   Code   RO          811    .ARM.Collect$$libinit$$00000030  c_w.l(libinit2.o)
    0x080001ec   0x080001ec   0x00000000   Code   RO          813    .ARM.Collect$$libinit$$00000032  c_w.l(libinit2.o)
    0x080001ec   0x080001ec   0x00000002   Code   RO          814    .ARM.Collect$$libinit$$00000033  c_w.l(libinit2.o)
    0x080001ee   0x080001ee   0x00000002   Code   RO         1049    .ARM.Collect$$libshutdown$$00000000  c_w.l(libshutdown.o)
    0x080001f0   0x080001f0   0x00000000   Code   RO         1003    .ARM.Collect$$libshutdown$$00000002  c_w.l(libshutdown2.o)
    0x080001f0   0x080001f0   0x00000000   Code   RO         1005    .ARM.Collect$$libshutdown$$00000004  c_w.l(libshutdown2.o)
    0x080001f0   0x080001f0   0x00000000   Code   RO         1007    .ARM.Collect$$libshutdown$$00000006  c_w.l(libshutdown2.o)
    0x080001f0   0x080001f0   0x00000000   Code   RO         1010    .ARM.Collect$$libshutdown$$00000009  c_w.l(libshutdown2.o)
    0x080001f0   0x080001f0   0x00000000   Code   RO         1013    .ARM.Collect$$libshutdown$$0000000C  c_w.l(libshutdown2.o)
    0x080001f0   0x080001f0   0x00000000   Code   RO         1015    .ARM.Collect$$libshutdown$$0000000E  c_w.l(libshutdown2.o)
    0x080001f0   0x080001f0   0x00000000   Code   RO         1018    .ARM.Collect$$libshutdown$$00000011  c_w.l(libshutdown2.o)
    0x080001f0   0x080001f0   0x00000002   Code   RO         1019    .ARM.Collect$$libshutdown$$00000012  c_w.l(libshutdown2.o)
    0x080001f2   0x080001f2   0x00000000   Code   RO          725    .ARM.Collect$$rtentry$$00000000  c_w.l(__rtentry.o)
    0x080001f2   0x080001f2   0x00000000   Code   RO          875    .ARM.Collect$$rtentry$$00000002  c_w.l(__rtentry2.o)
    0x080001f2   0x080001f2   0x00000006   Code   RO          887    .ARM.Collect$$rtentry$$00000004  c_w.l(__rtentry4.o)
    0x080001f8   0x080001f8   0x00000000   Code   RO          877    .ARM.Collect$$rtentry$$00000009  c_w.l(__rtentry2.o)
    0x080001f8   0x080001f8   0x00000004   Code   RO          878    .ARM.Collect$$rtentry$$0000000A  c_w.l(__rtentry2.o)
    0x080001fc   0x080001fc   0x00000000   Code   RO          880    .ARM.Collect$$rtentry$$0000000C  c_w.l(__rtentry2.o)
    0x080001fc   0x080001fc   0x00000008   Code   RO          881    .ARM.Collect$$rtentry$$0000000D  c_w.l(__rtentry2.o)
    0x08000204   0x08000204   0x00000002   Code   RO          992    .ARM.Collect$$rtexit$$00000000  c_w.l(rtexit.o)
    0x08000206   0x08000206   0x00000000   Code   RO         1023    .ARM.Collect$$rtexit$$00000002  c_w.l(rtexit2.o)
    0x08000206   0x08000206   0x00000004   Code   RO         1024    .ARM.Collect$$rtexit$$00000003  c_w.l(rtexit2.o)
    0x0800020a   0x0800020a   0x00000006   Code   RO         1025    .ARM.Collect$$rtexit$$00000004  c_w.l(rtexit2.o)
    0x08000210   0x08000210   0x00000000   Code   RO          901    .emb_text           c_w.l(maybetermalloc1.o)
    0x08000210   0x08000210   0x00000094   Code   RO            1    .text               main.o
    0x080002a4   0x080002a4   0x0000001a   Code   RO          141    .text               stm32f10x_it.o
    0x080002be   0x080002be   0x00000002   PAD
    0x080002c0   0x080002c0   0x000001e0   Code   RO          182    .text               system_stm32f10x.o
    0x080004a0   0x080004a0   0x00000050   Code   RO          200    .text               led.o
    0x080004f0   0x080004f0   0x000000c4   Code   RO          212    .text               key.o
    0x080005b4   0x080005b4   0x000034f8   Code   RO          225    .text               lcd.o
    0x08003aac   0x08003aac   0x00000174   Code   RO          248    .text               sg90.o
    0x08003c20   0x08003c20   0x00001a80   Code   RO          260    .text               cjson.o
    0x080056a0   0x080056a0   0x000004ec   Code   RO          297    .text               subfunctions.o
    0x08005b8c   0x08005b8c   0x000000d4   Code   RO          309    .text               delay.o
    0x08005c60   0x08005c60   0x000001f8   Code   RO          340    .text               usart.o
    0x08005e58   0x08005e58   0x00000040   Code   RO          382    .text               startup_stm32f10x_hd.o
    0x08005e98   0x08005e98   0x000000dc   Code   RO          386    .text               misc.o
    0x08005f74   0x08005f74   0x0000060c   Code   RO          410    .text               stm32f10x_fsmc.o
    0x08006580   0x08006580   0x0000035c   Code   RO          422    .text               stm32f10x_gpio.o
    0x080068dc   0x080068dc   0x000003a4   Code   RO          434    .text               stm32f10x_rcc.o
    0x08006c80   0x08006c80   0x00000408   Code   RO          448    .text               stm32f10x_usart.o
    0x08007088   0x08007088   0x00000e1a   Code   RO          460    .text               stm32f10x_tim.o
    0x08007ea2   0x08007ea2   0x00000002   Code   RO          474    .text               c_w.l(use_no_semi_2.o)
    0x08007ea4   0x08007ea4   0x0000005e   Code   RO          480    .text               c_w.l(h1_alloc.o)
    0x08007f02   0x08007f02   0x0000004e   Code   RO          482    .text               c_w.l(h1_free.o)
    0x08007f50   0x08007f50   0x0000001a   Code   RO          538    .text               c_w.l(tolower.o)
    0x08007f6a   0x08007f6a   0x00000002   PAD
    0x08007f6c   0x08007f6c   0x00000018   Code   RO          544    .text               c_w.l(noretval__2printf.o)
    0x08007f84   0x08007f84   0x00000028   Code   RO          546    .text               c_w.l(noretval__2sprintf.o)
    0x08007fac   0x08007fac   0x0000004e   Code   RO          550    .text               c_w.l(_printf_pad.o)
    0x08007ffa   0x08007ffa   0x00000052   Code   RO          552    .text               c_w.l(_printf_str.o)
    0x0800804c   0x0800804c   0x00000078   Code   RO          554    .text               c_w.l(_printf_dec.o)
    0x080080c4   0x080080c4   0x00000058   Code   RO          559    .text               c_w.l(_printf_hex_int.o)
    0x0800811c   0x0800811c   0x00000138   Code   RO          589    .text               c_w.l(__printf_flags_wp.o)
    0x08008254   0x08008254   0x00000014   Code   RO          603    .text               c_w.l(strchr.o)
    0x08008268   0x08008268   0x00000048   Code   RO          605    .text               c_w.l(strcpy.o)
    0x080082b0   0x080082b0   0x0000003e   Code   RO          607    .text               c_w.l(strlen.o)
    0x080082ee   0x080082ee   0x00000096   Code   RO          609    .text               c_w.l(strncmp.o)
    0x08008384   0x08008384   0x0000008a   Code   RO          611    .text               c_w.l(rt_memcpy_v6.o)
    0x0800840e   0x0800840e   0x00000064   Code   RO          613    .text               c_w.l(rt_memcpy_w.o)
    0x08008472   0x08008472   0x00000044   Code   RO          615    .text               c_w.l(rt_memclr.o)
    0x080084b6   0x080084b6   0x0000004e   Code   RO          617    .text               c_w.l(rt_memclr_w.o)
    0x08008504   0x08008504   0x00000006   Code   RO          619    .text               c_w.l(heapauxi.o)
    0x0800850a   0x0800850a   0x00000002   Code   RO          721    .text               c_w.l(use_no_semi.o)
    0x0800850c   0x0800850c   0x00000010   Code   RO          726    .text               c_w.l(rt_ctype_table.o)
    0x0800851c   0x0800851c   0x00000008   Code   RO          731    .text               c_w.l(rt_heap_descriptor_intlibspace.o)
    0x08008524   0x08008524   0x00000004   Code   RO          733    .text               c_w.l(hguard.o)
    0x08008528   0x08008528   0x0000008a   Code   RO          735    .text               c_w.l(init_alloc.o)
    0x080085b2   0x080085b2   0x0000000e   Code   RO          739    .text               c_w.l(h1_init.o)
    0x080085c0   0x080085c0   0x00000016   Code   RO          753    .text               c_w.l(_rserrno.o)
    0x080085d6   0x080085d6   0x000000b2   Code   RO          755    .text               c_w.l(_printf_intcommon.o)
    0x08008688   0x08008688   0x0000041e   Code   RO          757    .text               c_w.l(_printf_fp_dec.o)
    0x08008aa6   0x08008aa6   0x00000002   PAD
    0x08008aa8   0x08008aa8   0x00000030   Code   RO          759    .text               c_w.l(_printf_char_common.o)
    0x08008ad8   0x08008ad8   0x0000000a   Code   RO          761    .text               c_w.l(_sputc.o)
    0x08008ae2   0x08008ae2   0x0000002c   Code   RO          763    .text               c_w.l(_printf_char.o)
    0x08008b0e   0x08008b0e   0x00000002   PAD
    0x08008b10   0x08008b10   0x00000024   Code   RO          765    .text               c_w.l(_printf_char_file.o)
    0x08008b34   0x08008b34   0x00000008   Code   RO          871    .text               c_w.l(libspace.o)
    0x08008b3c   0x08008b3c   0x00000008   Code   RO          892    .text               c_w.l(rt_locale_intlibspace.o)
    0x08008b44   0x08008b44   0x00000008   Code   RO          897    .text               c_w.l(rt_errno_addr_intlibspace.o)
    0x08008b4c   0x08008b4c   0x00000034   Code   RO          903    .text               c_w.l(h1_extend.o)
    0x08008b80   0x08008b80   0x0000008a   Code   RO          907    .text               c_w.l(lludiv10.o)
    0x08008c0a   0x08008c0a   0x00000002   PAD
    0x08008c0c   0x08008c0c   0x00000080   Code   RO          909    .text               c_w.l(_printf_fp_infnan.o)
    0x08008c8c   0x08008c8c   0x000000e4   Code   RO          913    .text               c_w.l(bigflt0.o)
    0x08008d70   0x08008d70   0x00000008   Code   RO          938    .text               c_w.l(ferror.o)
    0x08008d78   0x08008d78   0x0000000e   Code   RO          948    .text               c_w.l(defsig_rtmem_outer.o)
    0x08008d86   0x08008d86   0x0000004a   Code   RO          966    .text               c_w.l(sys_stackheap_outer.o)
    0x08008dd0   0x08008dd0   0x00000012   Code   RO          972    .text               c_w.l(exit.o)
    0x08008de2   0x08008de2   0x0000000a   Code   RO          974    .text               c_w.l(defsig_exit.o)
    0x08008dec   0x08008dec   0x00000050   Code   RO          976    .text               c_w.l(defsig_rtmem_inner.o)
    0x08008e3c   0x08008e3c   0x00000080   Code   RO          978    .text               c_w.l(strcmpv7m.o)
    0x08008ebc   0x08008ebc   0x00000032   Code   RO         1000    .text               c_w.l(defsig_general.o)
    0x08008eee   0x08008eee   0x0000003e   Code   RO          916    CL$$btod_d2e        c_w.l(btod.o)
    0x08008f2c   0x08008f2c   0x00000046   Code   RO          918    CL$$btod_d2e_denorm_low  c_w.l(btod.o)
    0x08008f72   0x08008f72   0x00000060   Code   RO          917    CL$$btod_d2e_norm_op1  c_w.l(btod.o)
    0x08008fd2   0x08008fd2   0x00000338   Code   RO          926    CL$$btod_div_common  c_w.l(btod.o)
    0x0800930a   0x0800930a   0x000000dc   Code   RO          923    CL$$btod_e2e        c_w.l(btod.o)
    0x080093e6   0x080093e6   0x0000002a   Code   RO          920    CL$$btod_ediv       c_w.l(btod.o)
    0x08009410   0x08009410   0x0000002a   Code   RO          919    CL$$btod_emul       c_w.l(btod.o)
    0x0800943a   0x0800943a   0x00000244   Code   RO          925    CL$$btod_mult_common  c_w.l(btod.o)
    0x0800967e   0x0800967e   0x00000028   Code   RO          845    i.__ARM_fpclassify  m_ws.l(fpclassify.o)
    0x080096a6   0x080096a6   0x00000002   PAD
    0x080096a8   0x080096a8   0x00000388   Code   RO          850    i.__ieee754_rem_pio2  m_ws.l(rred.o)
    0x08009a30   0x08009a30   0x000000fc   Code   RO          828    i.__kernel_cos      m_ws.l(cos_i.o)
    0x08009b2c   0x08009b2c   0x000000aa   Code   RO          847    i.__kernel_poly     m_ws.l(poly.o)
    0x08009bd6   0x08009bd6   0x00000002   PAD
    0x08009bd8   0x08009bd8   0x000000ec   Code   RO          855    i.__kernel_sin      m_ws.l(sin_i.o)
    0x08009cc4   0x08009cc4   0x00000010   Code   RO          831    i.__mathlib_dbl_divzero  m_ws.l(dunder.o)
    0x08009cd4   0x08009cd4   0x00000006   Code   RO          832    i.__mathlib_dbl_infnan  m_ws.l(dunder.o)
    0x08009cda   0x08009cda   0x00000004   Code   RO          833    i.__mathlib_dbl_infnan2  m_ws.l(dunder.o)
    0x08009cde   0x08009cde   0x0000000c   Code   RO          834    i.__mathlib_dbl_invalid  m_ws.l(dunder.o)
    0x08009cea   0x08009cea   0x0000000e   Code   RO          835    i.__mathlib_dbl_overflow  m_ws.l(dunder.o)
    0x08009cf8   0x08009cf8   0x00000010   Code   RO          837    i.__mathlib_dbl_underflow  m_ws.l(dunder.o)
    0x08009d08   0x08009d08   0x0000000e   Code   RO          587    i._is_digit         c_w.l(__printf_wp.o)
    0x08009d16   0x08009d16   0x00000002   PAD
    0x08009d18   0x08009d18   0x00000220   Code   RO          682    i.atan              m_ws.l(atan.o)
    0x08009f38   0x08009f38   0x0000009c   Code   RO          692    i.cos               m_ws.l(cos.o)
    0x08009fd4   0x08009fd4   0x000000dc   Code   RO          700    i.floor             m_ws.l(floor.o)
    0x0800a0b0   0x0800a0b0   0x000009d8   Code   RO          704    i.pow               m_ws.l(pow.o)
    0x0800aa88   0x0800aa88   0x000000a0   Code   RO          714    i.sin               m_ws.l(sin.o)
    0x0800ab28   0x0800ab28   0x0000004c   Code   RO          862    i.sqrt              m_ws.l(sqrt.o)
    0x0800ab74   0x0800ab74   0x0000002c   Code   RO          943    locale$$code        c_w.l(lc_ctype_c.o)
    0x0800aba0   0x0800aba0   0x0000002c   Code   RO          946    locale$$code        c_w.l(lc_numeric_c.o)
    0x0800abcc   0x0800abcc   0x00000062   Code   RO          623    x$fpl$d2f           fz_ws.l(d2f.o)
    0x0800ac2e   0x0800ac2e   0x00000002   PAD
    0x0800ac30   0x0800ac30   0x00000150   Code   RO          625    x$fpl$dadd          fz_ws.l(daddsub_clz.o)
    0x0800ad80   0x0800ad80   0x00000010   Code   RO          957    x$fpl$dcheck1       fz_ws.l(dcheck1.o)
    0x0800ad90   0x0800ad90   0x00000018   Code   RO          815    x$fpl$dcmpinf       fz_ws.l(dcmpi.o)
    0x0800ada8   0x0800ada8   0x000002b0   Code   RO          632    x$fpl$ddiv          fz_ws.l(ddiv.o)
    0x0800b058   0x0800b058   0x00000078   Code   RO          635    x$fpl$deqf          fz_ws.l(deqf.o)
    0x0800b0d0   0x0800b0d0   0x0000005e   Code   RO          637    x$fpl$dfix          fz_ws.l(dfix.o)
    0x0800b12e   0x0800b12e   0x00000002   PAD
    0x0800b130   0x0800b130   0x0000005a   Code   RO          641    x$fpl$dfixu         fz_ws.l(dfixu.o)
    0x0800b18a   0x0800b18a   0x0000002e   Code   RO          646    x$fpl$dflt          fz_ws.l(dflt_clz.o)
    0x0800b1b8   0x0800b1b8   0x00000026   Code   RO          645    x$fpl$dfltu         fz_ws.l(dflt_clz.o)
    0x0800b1de   0x0800b1de   0x00000002   PAD
    0x0800b1e0   0x0800b1e0   0x00000078   Code   RO          651    x$fpl$dleqf         fz_ws.l(dleqf.o)
    0x0800b258   0x0800b258   0x00000154   Code   RO          653    x$fpl$dmul          fz_ws.l(dmul.o)
    0x0800b3ac   0x0800b3ac   0x0000009c   Code   RO          817    x$fpl$dnaninf       fz_ws.l(dnaninf.o)
    0x0800b448   0x0800b448   0x0000000c   Code   RO          819    x$fpl$dretinf       fz_ws.l(dretinf.o)
    0x0800b454   0x0800b454   0x0000006c   Code   RO          655    x$fpl$drleqf        fz_ws.l(drleqf.o)
    0x0800b4c0   0x0800b4c0   0x00000016   Code   RO          626    x$fpl$drsb          fz_ws.l(daddsub_clz.o)
    0x0800b4d6   0x0800b4d6   0x00000002   PAD
    0x0800b4d8   0x0800b4d8   0x000001cc   Code   RO          959    x$fpl$dsqrt         fz_ws.l(dsqrt_noumaal.o)
    0x0800b6a4   0x0800b6a4   0x000001d4   Code   RO          627    x$fpl$dsub          fz_ws.l(daddsub_clz.o)
    0x0800b878   0x0800b878   0x00000056   Code   RO          657    x$fpl$f2d           fz_ws.l(f2d.o)
    0x0800b8ce   0x0800b8ce   0x00000002   PAD
    0x0800b8d0   0x0800b8d0   0x000000c4   Code   RO          659    x$fpl$fadd          fz_ws.l(faddsub_clz.o)
    0x0800b994   0x0800b994   0x00000184   Code   RO          666    x$fpl$fdiv          fz_ws.l(fdiv.o)
    0x0800bb18   0x0800bb18   0x00000036   Code   RO          669    x$fpl$ffix          fz_ws.l(ffix.o)
    0x0800bb4e   0x0800bb4e   0x00000002   PAD
    0x0800bb50   0x0800bb50   0x0000003e   Code   RO          673    x$fpl$ffixu         fz_ws.l(ffixu.o)
    0x0800bb8e   0x0800bb8e   0x00000002   PAD
    0x0800bb90   0x0800bb90   0x00000102   Code   RO          677    x$fpl$fmul          fz_ws.l(fmul.o)
    0x0800bc92   0x0800bc92   0x0000008c   Code   RO          821    x$fpl$fnaninf       fz_ws.l(fnaninf.o)
    0x0800bd1e   0x0800bd1e   0x0000000a   Code   RO          823    x$fpl$fretinf       fz_ws.l(fretinf.o)
    0x0800bd28   0x0800bd28   0x000000ea   Code   RO          661    x$fpl$fsub          fz_ws.l(faddsub_clz.o)
    0x0800be12   0x0800be12   0x00000004   Code   RO          679    x$fpl$printf1       fz_ws.l(printf1.o)
    0x0800be16   0x0800be16   0x00000064   Code   RO          990    x$fpl$retnan        fz_ws.l(retnan.o)
    0x0800be7a   0x0800be7a   0x0000005c   Code   RO          825    x$fpl$scalbn        fz_ws.l(scalbn.o)
    0x0800bed6   0x0800bed6   0x00000030   Code   RO         1020    x$fpl$trapveneer    fz_ws.l(trapv.o)
    0x0800bf06   0x0800bf06   0x00000000   Code   RO          827    x$fpl$usenofp       fz_ws.l(usenofp.o)
    0x0800bf06   0x0800bf06   0x00002210   Data   RO          227    .constdata          lcd.o
    0x0800e116   0x0800e116   0x00000007   Data   RO          261    .constdata          cjson.o
    0x0800e11d   0x0800e11d   0x00000028   Data   RO          560    .constdata          c_w.l(_printf_hex_int.o)
    0x0800e145   0x0800e145   0x00000011   Data   RO          590    .constdata          c_w.l(__printf_flags_wp.o)
    0x0800e156   0x0800e156   0x00000002   PAD
    0x0800e158   0x0800e158   0x00000098   Data   RO          683    .constdata          m_ws.l(atan.o)
    0x0800e1f0   0x0800e1f0   0x00000088   Data   RO          705    .constdata          m_ws.l(pow.o)
    0x0800e278   0x0800e278   0x00000030   Data   RO          829    .constdata          m_ws.l(cos_i.o)
    0x0800e2a8   0x0800e2a8   0x00000008   Data   RO          849    .constdata          m_ws.l(qnan.o)
    0x0800e2b0   0x0800e2b0   0x000000c8   Data   RO          852    .constdata          m_ws.l(rred.o)
    0x0800e378   0x0800e378   0x00000028   Data   RO          856    .constdata          m_ws.l(sin_i.o)
    0x0800e3a0   0x0800e3a0   0x00000094   Data   RO          914    .constdata          c_w.l(bigflt0.o)
    0x0800e434   0x0800e434   0x00000020   Data   RO         1050    Region$$Table       anon$$obj.o
    0x0800e454   0x0800e454   0x00000110   Data   RO          942    locale$$data        c_w.l(lc_ctype_c.o)
    0x0800e564   0x0800e564   0x0000001c   Data   RO          945    locale$$data        c_w.l(lc_numeric_c.o)


    Execution Region RW_IRAM1 (Exec base: 0x20000000, Load base: 0x0800e580, Size: 0x00000790, Max: 0x00010000, ABSOLUTE)

    Exec Addr    Load Addr    Size         Type   Attr      Idx    E Section Name        Object

    0x20000000   0x0800e580   0x00000014   Data   RW          183    .data               system_stm32f10x.o
    0x20000014   0x0800e594   0x00000001   Data   RW          213    .data               key.o
    0x20000015   0x0800e595   0x00000001   PAD
    0x20000016   0x0800e596   0x00000004   Data   RW          228    .data               lcd.o
    0x2000001a   0x0800e59a   0x00000002   PAD
    0x2000001c   0x0800e59c   0x0000000c   Data   RW          262    .data               cjson.o
    0x20000028   0x0800e5a8   0x00000004   Data   RW          310    .data               delay.o
    0x2000002c   0x0800e5ac   0x00000018   Data   RW          342    .data               usart.o
    0x20000044   0x0800e5c4   0x00000014   Data   RW          435    .data               stm32f10x_rcc.o
    0x20000058        -       0x0000000e   Zero   RW          226    .bss                lcd.o
    0x20000066        -       0x000000c8   Zero   RW          341    .bss                usart.o
    0x2000012e   0x0800e5d8   0x00000002   PAD
    0x20000130        -       0x00000060   Zero   RW          872    .bss                c_w.l(libspace.o)
    0x20000190        -       0x00000200   Zero   RW          380    HEAP                startup_stm32f10x_hd.o
    0x20000390        -       0x00000400   Zero   RW          379    STACK               startup_stm32f10x_hd.o


==============================================================================

Image component sizes


      Code (inc. data)   RO Data    RW Data    ZI Data      Debug   Object Name

      6784        208          7         12          0      24588   cjson.o
       212         18          0          4          0        995   delay.o
       196         14          0          1          0        784   key.o
     13560        130       8720          4         14      19045   lcd.o
        80         12          0          0          0        475   led.o
       148         20          0          0          0     261071   main.o
       220         22          0          0          0       1753   misc.o
       372         18          0          0          0       1389   sg90.o
        64         26        304          0       1536        772   startup_stm32f10x_hd.o
      1548         18          0          0          0       5331   stm32f10x_fsmc.o
       860         38          0          0          0       5685   stm32f10x_gpio.o
        26          0          0          0          0       1158   stm32f10x_it.o
       932         36          0         20          0       8840   stm32f10x_rcc.o
      3610         88          0          0          0      22792   stm32f10x_tim.o
      1032         22          0          0          0       8412   stm32f10x_usart.o
      1260         80          0          0          0       1537   subfunctions.o
         0          0          0          0          0         32   sys.o
       480         38          0         20          0       1671   system_stm32f10x.o
       504         68          0         24        200       4880   usart.o

    ----------------------------------------------------------------------
     31890        856       9063         88       1752     371210   Object Totals
         0          0         32          0          0          0   (incl. Generated)
         2          0          0          3          2          0   (incl. Padding)

    ----------------------------------------------------------------------

      Code (inc. data)   RO Data    RW Data    ZI Data      Debug   Library Member Name

         8          0          0          0          0         68   __main.o
       312          4         17          0          0         92   __printf_flags_wp.o
        14          0          0          0          0         68   __printf_wp.o
         0          0          0          0          0          0   __rtentry.o
        12          0          0          0          0          0   __rtentry2.o
         6          0          0          0          0          0   __rtentry4.o
        52          8          0          0          0          0   __scatter.o
        26          0          0          0          0          0   __scatter_copy.o
        28          0          0          0          0          0   __scatter_zi.o
        44          0          0          0          0        108   _printf_char.o
        48          6          0          0          0         96   _printf_char_common.o
        36          4          0          0          0         80   _printf_char_file.o
         6          0          0          0          0          0   _printf_d.o
       120         16          0          0          0         92   _printf_dec.o
         6          0          0          0          0          0   _printf_e.o
         6          0          0          0          0          0   _printf_f.o
      1054          0          0          0          0        216   _printf_fp_dec.o
       128         16          0          0          0         84   _printf_fp_infnan.o
        88          4         40          0          0         88   _printf_hex_int.o
       178          0          0          0          0         88   _printf_intcommon.o
        78          0          0          0          0        108   _printf_pad.o
         0          0          0          0          0          0   _printf_percent.o
         4          0          0          0          0          0   _printf_percent_end.o
         6          0          0          0          0          0   _printf_s.o
        82          0          0          0          0         80   _printf_str.o
         6          0          0          0          0          0   _printf_x.o
        22          0          0          0          0        100   _rserrno.o
        10          0          0          0          0         68   _sputc.o
       228          4        148          0          0         96   bigflt0.o
      1936        128          0          0          0        672   btod.o
        10          0          0          0          0         68   defsig_exit.o
        50          0          0          0          0         88   defsig_general.o
        80         58          0          0          0         76   defsig_rtmem_inner.o
        14          0          0          0          0         80   defsig_rtmem_outer.o
        18          0          0          0          0         80   exit.o
         8          0          0          0          0         68   ferror.o
        94          0          0          0          0         80   h1_alloc.o
        52          0          0          0          0         68   h1_extend.o
        78          0          0          0          0         80   h1_free.o
        14          0          0          0          0         84   h1_init.o
         6          0          0          0          0        152   heapauxi.o
         4          0          0          0          0        136   hguard.o
       138          0          0          0          0        168   init_alloc.o
        44         10        272          0          0         76   lc_ctype_c.o
        44         10         28          0          0         76   lc_numeric_c.o
         2          0          0          0          0          0   libinit.o
        38          0          0          0          0          0   libinit2.o
         2          0          0          0          0          0   libshutdown.o
         2          0          0          0          0          0   libshutdown2.o
         8          4          0          0         96         68   libspace.o
       138          0          0          0          0         80   lludiv10.o
         0          0          0          0          0          0   maybetermalloc1.o
        24          4          0          0          0         84   noretval__2printf.o
        40          6          0          0          0         84   noretval__2sprintf.o
        16          4          0          0          0         76   rt_ctype_table.o
         8          4          0          0          0         68   rt_errno_addr_intlibspace.o
         8          4          0          0          0         68   rt_heap_descriptor_intlibspace.o
         8          4          0          0          0         68   rt_locale_intlibspace.o
        68          0          0          0          0         68   rt_memclr.o
        78          0          0          0          0         80   rt_memclr_w.o
       138          0          0          0          0         68   rt_memcpy_v6.o
       100          0          0          0          0         80   rt_memcpy_w.o
         2          0          0          0          0          0   rtexit.o
        10          0          0          0          0          0   rtexit2.o
        20          0          0          0          0         68   strchr.o
       128          0          0          0          0         68   strcmpv7m.o
        72          0          0          0          0         80   strcpy.o
        62          0          0          0          0         76   strlen.o
       150          0          0          0          0         80   strncmp.o
        74          0          0          0          0         80   sys_stackheap_outer.o
        26          0          0          0          0         76   tolower.o
         2          0          0          0          0         68   use_no_semi.o
         2          0          0          0          0         68   use_no_semi_2.o
        98          4          0          0          0         92   d2f.o
       826         16          0          0          0        348   daddsub_clz.o
        16          4          0          0          0         68   dcheck1.o
        24          0          0          0          0         68   dcmpi.o
       688        140          0          0          0        208   ddiv.o
       120          4          0          0          0         92   deqf.o
        94          4          0          0          0         92   dfix.o
        90          4          0          0          0         92   dfixu.o
        84          0          0          0          0        136   dflt_clz.o
       120          4          0          0          0         92   dleqf.o
       340         12          0          0          0        104   dmul.o
       156          4          0          0          0         92   dnaninf.o
        12          0          0          0          0         68   dretinf.o
       108          0          0          0          0         80   drleqf.o
       460         56          0          0          0        120   dsqrt_noumaal.o
        86          4          0          0          0         84   f2d.o
       430          8          0          0          0        168   faddsub_clz.o
       388         76          0          0          0         96   fdiv.o
        54          4          0          0          0         84   ffix.o
        62          4          0          0          0         84   ffixu.o
       258          4          0          0          0         84   fmul.o
       140          4          0          0          0         84   fnaninf.o
        10          0          0          0          0         68   fretinf.o
         4          0          0          0          0         68   printf1.o
       100          0          0          0          0         68   retnan.o
        92          0          0          0          0         68   scalbn.o
        48          0          0          0          0         68   trapv.o
         0          0          0          0          0          0   usenofp.o
       544         70        152          0          0        124   atan.o
       156          8          0          0          0        104   cos.o
       252         22         48          0          0        124   cos_i.o
        68         10          0          0          0        408   dunder.o
       220         16          0          0          0         84   floor.o
        40          0          0          0          0         68   fpclassify.o
       170          0          0          0          0         96   poly.o
      2520        190        136          0          0        324   pow.o
         0          0          8          0          0          0   qnan.o
       904         76        200          0          0        140   rred.o
       160         10          0          0          0        108   sin.o
       236         12         40          0          0        128   sin_i.o
        76          0          0          0          0         84   sqrt.o

    ----------------------------------------------------------------------
     16708       1068       1091          0         96       9708   Library Totals
        30          0          2          0          0          0   (incl. Padding)

    ----------------------------------------------------------------------

      Code (inc. data)   RO Data    RW Data    ZI Data      Debug   Library Name

      6424        298        505          0         96       5140   c_w.l
      4908        356          0          0          0       2776   fz_ws.l
      5346        414        584          0          0       1792   m_ws.l

    ----------------------------------------------------------------------
     16708       1068       1091          0         96       9708   Library Totals

    ----------------------------------------------------------------------

==============================================================================


      Code (inc. data)   RO Data    RW Data    ZI Data      Debug   

     48598       1924      10154         88       1848     373894   Grand Totals
     48598       1924      10154         88       1848     373894   ELF Image Totals
     48598       1924      10154         88          0          0   ROM Totals

==============================================================================

    Total RO  Size (Code + RO Data)                58752 (  57.38kB)
    Total RW  Size (RW Data + ZI Data)              1936 (   1.89kB)
    Total ROM Size (Code + RO Data + RW Data)      58840 (  57.46kB)

==============================================================================

